Component: ARM Compiler 5.06 update 6 (build 750) Tool: armlink [4d35ed]

==============================================================================

Section Cross References

    main.o(i.main) refers to delay.o(i.delay_init) for delay_init
    main.o(i.main) refers to misc.o(i.NVIC_PriorityGroupConfig) for NVIC_PriorityGroupConfig
    main.o(i.main) refers to usart.o(i.uart_init) for uart_init
    main.o(i.main) refers to usart2.o(i.USART2_Init) for USART2_Init
    main.o(i.main) refers to rtc.o(i.RTC_Init) for RTC_Init
    main.o(i.main) refers to light.o(i.LIGHT_Init) for LIGHT_Init
    main.o(i.main) refers to water.o(i.WATER_Init) for WATER_Init
    main.o(i.main) refers to oled.o(i.OLED_Init) for OLED_Init
    main.o(i.main) refers to esp8266.o(i.atk_8266_init) for atk_8266_init
    main.o(i.main) refers to oled.o(i.OLED_Clear) for OLED_Clear
    main.o(i.main) refers to esp8266.o(i.atk_8266_at_response) for atk_8266_at_response
    main.o(i.main) refers to oled.o(i.show) for show
    main.o(i.main) refers to system_stm32f10x.o(.data) for SystemCoreClock
    main.o(i.main) refers to usmart_config.o(.data) for usmart_dev
    system_stm32f10x.o(i.SetSysClock) refers to system_stm32f10x.o(i.SetSysClockTo72) for SetSysClockTo72
    system_stm32f10x.o(i.SystemCoreClockUpdate) refers to system_stm32f10x.o(.data) for SystemCoreClock
    system_stm32f10x.o(i.SystemInit) refers to system_stm32f10x.o(i.SetSysClock) for SetSysClock
    delay.o(i.delay_init) refers to misc.o(i.SysTick_CLKSourceConfig) for SysTick_CLKSourceConfig
    delay.o(i.delay_init) refers to system_stm32f10x.o(.data) for SystemCoreClock
    delay.o(i.delay_init) refers to delay.o(.data) for fac_us
    delay.o(i.delay_ms) refers to delay.o(.data) for fac_ms
    delay.o(i.delay_us) refers to delay.o(.data) for fac_us
    usart.o(i.USART1_IRQHandler) refers (Special) to use_no_semi_2.o(.text) for __use_no_semihosting
    usart.o(i.USART1_IRQHandler) refers to stm32f10x_usart.o(i.USART_GetITStatus) for USART_GetITStatus
    usart.o(i.USART1_IRQHandler) refers to stm32f10x_usart.o(i.USART_ReceiveData) for USART_ReceiveData
    usart.o(i.USART1_IRQHandler) refers to usart.o(.data) for USART_RX_STA
    usart.o(i.USART1_IRQHandler) refers to usart.o(.bss) for USART_RX_BUF
    usart.o(i._sys_exit) refers (Special) to use_no_semi_2.o(.text) for __use_no_semihosting
    usart.o(i.fputc) refers (Special) to use_no_semi_2.o(.text) for __use_no_semihosting
    usart.o(i.uart_init) refers (Special) to use_no_semi_2.o(.text) for __use_no_semihosting
    usart.o(i.uart_init) refers to stm32f10x_rcc.o(i.RCC_APB2PeriphClockCmd) for RCC_APB2PeriphClockCmd
    usart.o(i.uart_init) refers to stm32f10x_gpio.o(i.GPIO_Init) for GPIO_Init
    usart.o(i.uart_init) refers to misc.o(i.NVIC_Init) for NVIC_Init
    usart.o(i.uart_init) refers to stm32f10x_usart.o(i.USART_Init) for USART_Init
    usart.o(i.uart_init) refers to stm32f10x_usart.o(i.USART_ITConfig) for USART_ITConfig
    usart.o(i.uart_init) refers to stm32f10x_usart.o(i.USART_Cmd) for USART_Cmd
    usart.o(.bss) refers (Special) to use_no_semi_2.o(.text) for __use_no_semihosting
    usart.o(.data) refers (Special) to use_no_semi_2.o(.text) for __use_no_semihosting
    startup_stm32f10x_hd.o(STACK) refers (Special) to heapauxi.o(.text) for __use_two_region_memory
    startup_stm32f10x_hd.o(HEAP) refers (Special) to heapauxi.o(.text) for __use_two_region_memory
    startup_stm32f10x_hd.o(RESET) refers (Special) to heapauxi.o(.text) for __use_two_region_memory
    startup_stm32f10x_hd.o(RESET) refers to startup_stm32f10x_hd.o(STACK) for __initial_sp
    startup_stm32f10x_hd.o(RESET) refers to startup_stm32f10x_hd.o(.text) for Reset_Handler
    startup_stm32f10x_hd.o(RESET) refers to stm32f10x_it.o(i.NMI_Handler) for NMI_Handler
    startup_stm32f10x_hd.o(RESET) refers to stm32f10x_it.o(i.HardFault_Handler) for HardFault_Handler
    startup_stm32f10x_hd.o(RESET) refers to stm32f10x_it.o(i.MemManage_Handler) for MemManage_Handler
    startup_stm32f10x_hd.o(RESET) refers to stm32f10x_it.o(i.BusFault_Handler) for BusFault_Handler
    startup_stm32f10x_hd.o(RESET) refers to stm32f10x_it.o(i.UsageFault_Handler) for UsageFault_Handler
    startup_stm32f10x_hd.o(RESET) refers to stm32f10x_it.o(i.SVC_Handler) for SVC_Handler
    startup_stm32f10x_hd.o(RESET) refers to stm32f10x_it.o(i.DebugMon_Handler) for DebugMon_Handler
    startup_stm32f10x_hd.o(RESET) refers to stm32f10x_it.o(i.PendSV_Handler) for PendSV_Handler
    startup_stm32f10x_hd.o(RESET) refers to stm32f10x_it.o(i.SysTick_Handler) for SysTick_Handler
    startup_stm32f10x_hd.o(RESET) refers to rtc.o(i.RTC_IRQHandler) for RTC_IRQHandler
    startup_stm32f10x_hd.o(RESET) refers to usmart.o(i.TIM2_IRQHandler) for TIM2_IRQHandler
    startup_stm32f10x_hd.o(RESET) refers to usart2.o(i.TIM4_IRQHandler) for TIM4_IRQHandler
    startup_stm32f10x_hd.o(RESET) refers to usart.o(i.USART1_IRQHandler) for USART1_IRQHandler
[...]
    uc_hextab                                0x08005b30   Data          20  _printf_hex_int_ll_ptr.o(.constdata)
    lc_hextab                                0x08005b44   Data          20  _printf_hex_int_ll_ptr.o(.constdata)
    .constdata                               0x08005b58   Section       17  __printf_flags_ss_wp.o(.constdata)
    maptable                                 0x08005b58   Data          17  __printf_flags_ss_wp.o(.constdata)
    .constdata                               0x08005b6c   Section        8  _printf_wctomb.o(.constdata)
    initial_mbstate                          0x08005b6c   Data           8  _printf_wctomb.o(.constdata)
    .constdata                               0x08005b74   Section      148  bigflt0.o(.constdata)
    tenpwrs_x                                0x08005b74   Data          60  bigflt0.o(.constdata)
    tenpwrs_i                                0x08005bb0   Data          64  bigflt0.o(.constdata)
    .conststring                             0x08005c08   Section       40  usmart.o(.conststring)
    .conststring                             0x08005c30   Section      144  usmart_config.o(.conststring)
    locale$$data                             0x08005ce0   Section      272  lc_ctype_c.o(locale$$data)
    __lcctype_c_name                         0x08005ce4   Data           2  lc_ctype_c.o(locale$$data)
    __lcctype_c_start                        0x08005cec   Data           0  lc_ctype_c.o(locale$$data)
    locale$$data                             0x08005df0   Section       28  lc_numeric_c.o(locale$$data)
    __lcctype_c_end                          0x08005df0   Data           0  lc_ctype_c.o(locale$$data)
    __lcnum_c_name                           0x08005df4   Data           2  lc_numeric_c.o(locale$$data)
    __lcnum_c_start                          0x08005dfc   Data           0  lc_numeric_c.o(locale$$data)
    __lcnum_c_point                          0x08005e08   Data           0  lc_numeric_c.o(locale$$data)
    __lcnum_c_thousands                      0x08005e0a   Data           0  lc_numeric_c.o(locale$$data)
    __lcnum_c_grouping                       0x08005e0b   Data           0  lc_numeric_c.o(locale$$data)
    __lcnum_c_end                            0x08005e0c   Data           0  lc_numeric_c.o(locale$$data)
    .data                                    0x20000000   Section       20  system_stm32f10x.o(.data)
    .data                                    0x20000014   Section        4  delay.o(.data)
    fac_us                                   0x20000014   Data           1  delay.o(.data)
    fac_ms                                   0x20000016   Data           2  delay.o(.data)
    .data                                    0x20000018   Section        6  usart.o(.data)
    .data                                    0x2000001e   Section       20  stm32f10x_rcc.o(.data)
    APBAHBPrescTable                         0x2000001e   Data          16  stm32f10x_rcc.o(.data)
    ADCPrescTable                            0x2000002e   Data           4  stm32f10x_rcc.o(.data)
    .data                                    0x20000032   Section        2  usart2.o(.data)
    .data                                    0x20000034   Section     1216  oled.o(.data)
    .data                                    0x200004f4   Section        2  rtc.o(.data)
    daycnt                                   0x200004f4   Data           2  rtc.o(.data)
    .data                                    0x200004f6   Section        1  water.o(.data)
    .data                                    0x200004f8   Section       28  usmart.o(.data)
    .data                                    0x20000514   Section      276  usmart_config.o(.data)
    .data                                    0x20000628   Section        4  strtok.o(.data)
    _strtok_saves1                           0x20000628   Data           4  strtok.o(.data)
    .bss                                     0x2000062c   Section      200  usart.o(.bss)
    .bss                                     0x200006f8   Section     2048  usart2.o(.bss)
    .bss                                     0x20000ef8   Section       10  rtc.o(.bss)
    .bss                                     0x20000f02   Section       42  water.o(.bss)
    .bss                                     0x20000f2c   Section     2048  stmflash.o(.bss)
    .bss                                     0x2000172c   Section       10  esp8266.o(.bss)
    .bss                                     0x20001738   Section       96  libspace.o(.bss)
    HEAP                                     0x20001798   Section      512  startup_stm32f10x_hd.o(HEAP)
    Heap_Mem                                 0x20001798   Data         512  startup_stm32f10x_hd.o(HEAP)
    STACK                                    0x20001998   Section     1024  startup_stm32f10x_hd.o(STACK)
    Stack_Mem                                0x20001998   Data        1024  startup_stm32f10x_hd.o(STACK)
    __initial_sp                             0x20001d98   Data           0  startup_stm32f10x_hd.o(STACK)

    Global Symbols

    Symbol Name                              Value     Ov Type        Size  Object(Section)

    BuildAttributes$$THM_ISAv4$P$D$K$B$S$PE$A:L22UL41UL21$X:L11$S22US41US21$IEEE1$IW$USESV6$~STKCKD$USESV7$~SHL$OTIME$ROPI$IEEEJ$EBA8$UX$STANDARDLIB$REQ8$PRES8$EABIv2 0x00000000   Number         0  anon$$obj.o ABSOLUTE
    __ARM_use_no_argv                        0x00000000   Number         0  main.o ABSOLUTE
    _printf_flags                            0x00000000   Number         0  printf_stubs.o ABSOLUTE
    _printf_return_value                     0x00000000   Number         0  printf_stubs.o ABSOLUTE
    _printf_sizespec                         0x00000000   Number         0  printf_stubs.o ABSOLUTE
    _printf_widthprec                        0x00000000   Number         0  printf_stubs.o ABSOLUTE
    __ARM_exceptions_init                     - Undefined Weak Reference
    __alloca_initialize                       - Undefined Weak Reference
    __arm_preinit_                            - Undefined Weak Reference
    __cpp_initialize__aeabi_                  - Undefined Weak Reference
    __cxa_finalize                            - Undefined Weak Reference
    __sigvec_lookup                           - Undefined Weak Reference
    _atexit_init                              - Undefined Weak Reference
    _call_atexit_fns                          - Undefined Weak Reference
    _clock_init                               - Undefined Weak Reference
    _fp_trap_init                             - Undefined Weak Reference
    _fp_trap_shutdown                         - Undefined Weak Reference
    _get_lc_collate                           - Undefined Weak Reference
    _get_lc_monetary                          - Undefined Weak Reference
    _get_lc_time                              - Undefined Weak Reference
    _getenv_init                              - Undefined Weak Reference
    _handle_redirection                       - Undefined Weak Reference
    _init_alloc                               - Undefined Weak Reference
    _init_user_alloc                          - Undefined Weak Reference
    _initio                                   - Undefined Weak Reference
    _mutex_acquire                            - Undefined Weak Reference
    _mutex_release                            - Undefined Weak Reference
    _printf_fp_hex                            - Undefined Weak Reference
    _printf_mbtowc                            - Undefined Weak Reference
    _printf_wc                                - Undefined Weak Reference
    _rand_init                                - Undefined Weak Reference
    _signal_finish                            - Undefined Weak Reference
    _signal_init                              - Undefined Weak Reference
    _terminate_alloc                          - Undefined Weak Reference
    _terminate_user_alloc                     - Undefined Weak Reference
    _terminateio                              - Undefined Weak Reference
    __Vectors_Size                           0x00000130   Number         0  startup_stm32f10x_hd.o ABSOLUTE
    __Vectors                                0x08000000   Data           4  startup_stm32f10x_hd.o(RESET)
    __Vectors_End                            0x08000130   Data           0  startup_stm32f10x_hd.o(RESET)
    __main                                   0x08000131   Thumb Code     8  __main.o(!!!main)
    __scatterload                            0x08000139   Thumb Code     0  __scatter.o(!!!scatter)
    __scatterload_rt2                        0x08000139   Thumb Code    44  __scatter.o(!!!scatter)
    __scatterload_rt2_thumb_only             0x08000139   Thumb Code     0  __scatter.o(!!!scatter)
    __scatterload_null                       0x08000147   Thumb Code     0  __scatter.o(!!!scatter)
    __decompress                             0x0800016d   Thumb Code    90  __dczerorl2.o(!!dczerorl2)
    __decompress1                            0x0800016d   Thumb Code     0  __dczerorl2.o(!!dczerorl2)
    __scatterload_zeroinit                   0x080001c9   Thumb Code    28  __scatter_zi.o(!!handler_zi)
    _printf_n                                0x080001e5   Thumb Code     0  _printf_n.o(.ARM.Collect$$_printf_percent$$00000001)
    _printf_percent                          0x080001e5   Thumb Code     0  _printf_percent.o(.ARM.Collect$$_printf_percent$$00000000)
    _printf_p                                0x080001eb   Thumb Code     0  _printf_p.o(.ARM.Collect$$_printf_percent$$00000002)
    _printf_f                                0x080001f1   Thumb Code     0  _printf_f.o(.ARM.Collect$$_printf_percent$$00000003)
    _printf_e                                0x080001f7   Thumb Code     0  _printf_e.o(.ARM.Collect$$_printf_percent$$00000004)
    _printf_g                                0x080001fd   Thumb Code     0  _printf_g.o(.ARM.Collect$$_printf_percent$$00000005)
    _printf_a                                0x08000203   Thumb Code     0  _printf_a.o(.ARM.Collect$$_printf_percent$$00000006)
    _printf_ll                               0x08000209   Thumb Code     0  _printf_ll.o(.ARM.Collect$$_printf_percent$$00000007)
    _printf_i                                0x08000213   Thumb Code     0  _printf_i.o(.ARM.Collect$$_printf_percent$$00000008)
    _printf_d                                0x08000219   Thumb Code     0  _printf_d.o(.ARM.Collect$$_printf_percent$$00000009)
    _printf_u                                0x0800021f   Thumb Code     0  _printf_u.o(.ARM.Collect$$_printf_percent$$0000000A)
    _printf_o                                0x08000225   Thumb Code     0  _printf_o.o(.ARM.Collect$$_printf_percent$$0000000B)
    _printf_x                                0x0800022b   Thumb Code     0  _printf_x.o(.ARM.Collect$$_printf_percent$$0000000C)
    _printf_lli                              0x08000231   Thumb Code     0  _printf_lli.o(.ARM.Collect$$_printf_percent$$0000000D)
    _printf_lld                              0x08000237   Thumb Code     0  _printf_lld.o(.ARM.Collect$$_printf_percent$$0000000E)
    _printf_llu                              0x0800023d   Thumb Code     0  _printf_llu.o(.ARM.Collect$$_printf_percent$$0000000F)
    _printf_llo                              0x08000243   Thumb Code     0  _printf_llo.o(.ARM.Collect$$_printf_percent$$00000010)
    _printf_llx                              0x08000249   Thumb Code     0  _printf_llx.o(.ARM.Collect$$_printf_percent$$00000011)
    _printf_l                                0x0800024f   Thumb Code     0  _printf_l.o(.ARM.Collect$$_printf_percent$$00000012)
    _printf_c                                0x08000259   Thumb Code     0  _printf_c.o(.ARM.Collect$$_printf_percent$$00000013)
    _printf_s                                0x0800025f   Thumb Code     0  _printf_s.o(.ARM.Collect$$_printf_percent$$00000014)
    _printf_lc                               0x08000265   Thumb Code     0  _printf_lc.o(.ARM.Collect$$_printf_percent$$00000015)
    _printf_ls                               0x0800026b   Thumb Code     0  _printf_ls.o(.ARM.Collect$$_printf_percent$$00000016)
    _printf_percent_end                      0x08000271   Thumb Code     0  _printf_percent_end.o(.ARM.Collect$$_printf_percent$$00000017)
    __rt_lib_init                            0x08000275   Thumb Code     0  libinit.o(.ARM.Collect$$libinit$$00000000)
    __rt_lib_init_fp_1                       0x08000277   Thumb Code     0  libinit2.o(.ARM.Collect$$libinit$$00000002)
    __rt_lib_init_heap_1                     0x08000277   Thumb Code     0  libinit2.o(.ARM.Collect$$libinit$$0000000A)
    __rt_lib_init_lc_common                  0x08000277   Thumb Code     0  libinit2.o(.ARM.Collect$$libinit$$0000000F)
    __rt_lib_init_preinit_1                  0x08000277   Thumb Code     0  libinit2.o(.ARM.Collect$$libinit$$00000004)
    __rt_lib_init_rand_1                     0x08000277   Thumb Code     0  libinit2.o(.ARM.Collect$$libinit$$0000000E)
    __rt_lib_init_user_alloc_1               0x08000277   Thumb Code     0  libinit2.o(.ARM.Collect$$libinit$$0000000C)
    __rt_lib_init_lc_collate_1               0x0800027d   Thumb Code     0  libinit2.o(.ARM.Collect$$libinit$$00000011)
    __rt_lib_init_lc_ctype_2                 0x0800027d   Thumb Code     0  libinit2.o(.ARM.Collect$$libinit$$00000012)
    __rt_lib_init_lc_ctype_1                 0x08000289   Thumb Code     0  libinit2.o(.ARM.Collect$$libinit$$00000013)
    __rt_lib_init_lc_monetary_1              0x08000289   Thumb Code     0  libinit2.o(.ARM.Collect$$libinit$$00000015)
    __rt_lib_init_lc_numeric_2               0x08000289   Thumb Code     0  libinit2.o(.ARM.Collect$$libinit$$00000016)
    __rt_lib_init_alloca_1                   0x08000293   Thumb Code     0  libinit2.o(.ARM.Collect$$libinit$$0000002E)
    __rt_lib_init_argv_1                     0x08000293   Thumb Code     0  libinit2.o(.ARM.Collect$$libinit$$0000002C)
    __rt_lib_init_atexit_1                   0x08000293   Thumb Code     0  libinit2.o(.ARM.Collect$$libinit$$0000001B)
    __rt_lib_init_clock_1                    0x08000293   Thumb Code     0  libinit2.o(.ARM.Collect$$libinit$$00000021)
    __rt_lib_init_cpp_1                      0x08000293   Thumb Code     0  libinit2.o(.ARM.Collect$$libinit$$00000032)
    __rt_lib_init_exceptions_1               0x08000293   Thumb Code     0  libinit2.o(.ARM.Collect$$libinit$$00000030)
    __rt_lib_init_fp_trap_1                  0x08000293   Thumb Code     0  libinit2.o(.ARM.Collect$$libinit$$0000001F)
    __rt_lib_init_getenv_1                   0x08000293   Thumb Code     0  libinit2.o(.ARM.Collect$$libinit$$00000023)
    __rt_lib_init_lc_numeric_1               0x08000293   Thumb Code     0  libinit2.o(.ARM.Collect$$libinit$$00000017)
    __rt_lib_init_lc_time_1                  0x08000293   Thumb Code     0  libinit2.o(.ARM.Collect$$libinit$$00000019)
    __rt_lib_init_return                     0x08000293   Thumb Code     0  libinit2.o(.ARM.Collect$$libinit$$00000033)
    __rt_lib_init_signal_1                   0x08000293   Thumb Code     0  libinit2.o(.ARM.Collect$$libinit$$0000001D)
    __rt_lib_init_stdio_1                    0x08000293   Thumb Code     0  libinit2.o(.ARM.Collect$$libinit$$00000025)
    __rt_lib_shutdown                        0x08000295   Thumb Code     0  libshutdown.o(.ARM.Collect$$libshutdown$$00000000)
    __rt_lib_shutdown_cpp_1                  0x08000297   Thumb Code     0  libshutdown2.o(.ARM.Collect$$libshutdown$$00000002)
    __rt_lib_shutdown_fp_trap_1              0x08000297   Thumb Code     0  libshutdown2.o(.ARM.Collect$$libshutdown$$00000007)
    __rt_lib_shutdown_heap_1                 0x08000297   Thumb Code     0  libshutdown2.o(.ARM.Collect$$libshutdown$$0000000F)
    __rt_lib_shutdown_return                 0x08000297   Thumb Code     0  libshutdown2.o(.ARM.Collect$$libshutdown$$00000010)
    __rt_lib_shutdown_signal_1               0x08000297   Thumb Code     0  libshutdown2.o(.ARM.Collect$$libshutdown$$0000000A)
    __rt_lib_shutdown_stdio_1                0x08000297   Thumb Code     0  libshutdown2.o(.ARM.Collect$$libshutdown$$00000004)
    __rt_lib_shutdown_user_alloc_1           0x08000297   Thumb Code     0  libshutdown2.o(.ARM.Collect$$libshutdown$$0000000C)
    __rt_entry                               0x08000299   Thumb Code     0  __rtentry.o(.ARM.Collect$$rtentry$$00000000)
    __rt_entry_presh_1                       0x08000299   Thumb Code     0  __rtentry2.o(.ARM.Collect$$rtentry$$00000002)
    __rt_entry_sh                            0x08000299   Thumb Code     0  __rtentry4.o(.ARM.Collect$$rtentry$$00000004)
    __rt_entry_li                            0x0800029f   Thumb Code     0  __rtentry2.o(.ARM.Collect$$rtentry$$0000000A)
    __rt_entry_postsh_1                      0x0800029f   Thumb Code     0  __rtentry2.o(.ARM.Collect$$rtentry$$00000009)
    __rt_entry_main                          0x080002a3   Thumb Code     0  __rtentry2.o(.ARM.Collect$$rtentry$$0000000D)
    __rt_entry_postli_1                      0x080002a3   Thumb Code     0  __rtentry2.o(.ARM.Collect$$rtentry$$0000000C)
    __rt_exit                                0x080002ab   Thumb Code     0  rtexit.o(.ARM.Collect$$rtexit$$00000000)
    __rt_exit_ls                             0x080002ad   Thumb Code     0  rtexit2.o(.ARM.Collect$$rtexit$$00000003)
    __rt_exit_prels_1                        0x080002ad   Thumb Code     0  rtexit2.o(.ARM.Collect$$rtexit$$00000002)
    __rt_exit_exit                           0x080002b1   Thumb Code     0  rtexit2.o(.ARM.Collect$$rtexit$$00000004)
    Reset_Handler                            0x080002b9   Thumb Code     8  startup_stm32f10x_hd.o(.text)
    ADC1_2_IRQHandler                        0x080002d3   Thumb Code     0  startup_stm32f10x_hd.o(.text)
    ADC3_IRQHandler                          0x080002d3   Thumb Code     0  startup_stm32f10x_hd.o(.text)
    CAN1_RX1_IRQHandler                      0x080002d3   Thumb Code     0  startup_stm32f10x_hd.o(.text)
    CAN1_SCE_IRQHandler                      0x080002d3   Thumb Code     0  startup_stm32f10x_hd.o(.text)
    DMA1_Channel1_IRQHandler                 0x080002d3   Thumb Code     0  startup_stm32f10x_hd.o(.text)
    DMA1_Channel2_IRQHandler                 0x080002d3   Thumb Code     0  startup_stm32f10x_hd.o(.text)
    DMA1_Channel3_IRQHandler                 0x080002d3   Thumb Code     0  startup_stm32f10x_hd.o(.text)
    DMA1_Channel4_IRQHandler                 0x080002d3   Thumb Code     0  startup_stm32f10x_hd.o(.text)
    DMA1_Channel5_IRQHandler                 0x080002d3   Thumb Code     0  startup_stm32f10x_hd.o(.text)
    DMA1_Channel6_IRQHandler                 0x080002d3   Thumb Code     0  startup_stm32f10x_hd.o(.text)
    DMA1_Channel7_IRQHandler                 0x080002d3   Thumb Code     0  startup_stm32f10x_hd.o(.text)
    DMA2_Channel1_IRQHandler                 0x080002d3   Thumb Code     0  startup_stm32f10x_hd.o(.text)
    DMA2_Channel2_IRQHandler                 0x080002d3   Thumb Code     0  startup_stm32f10x_hd.o(.text)
    DMA2_Channel3_IRQHandler                 0x080002d3   Thumb Code     0  startup_stm32f10x_hd.o(.text)
    DMA2_Channel4_5_IRQHandler               0x080002d3   Thumb Code     0  startup_stm32f10x_hd.o(.text)
    EXTI0_IRQHandler                         0x080002d3   Thumb Code     0  startup_stm32f10x_hd.o(.text)
    EXTI15_10_IRQHandler                     0x080002d3   Thumb Code     0  startup_stm32f10x_hd.o(.text)
    EXTI1_IRQHandler                         0x080002d3   Thumb Code     0  startup_stm32f10x_hd.o(.text)
    EXTI2_IRQHandler                         0x080002d3   Thumb Code     0  startup_stm32f10x_hd.o(.text)
    EXTI3_IRQHandler                         0x080002d3   Thumb Code     0  startup_stm32f10x_hd.o(.text)
    EXTI4_IRQHandler                         0x080002d3   Thumb Code     0  startup_stm32f10x_hd.o(.text)
    EXTI9_5_IRQHandler                       0x080002d3   Thumb Code     0  startup_stm32f10x_hd.o(.text)
    FLASH_IRQHandler                         0x080002d3   Thumb Code     0  startup_stm32f10x_hd.o(.text)
    FSMC_IRQHandler                          0x080002d3   Thumb Code     0  startup_stm32f10x_hd.o(.text)
    I2C1_ER_IRQHandler                       0x080002d3   Thumb Code     0  startup_stm32f10x_hd.o(.text)
    I2C1_EV_IRQHandler                       0x080002d3   Thumb Code     0  startup_stm32f10x_hd.o(.text)
    I2C2_ER_IRQHandler                       0x080002d3   Thumb Code     0  startup_stm32f10x_hd.o(.text)
    I2C2_EV_IRQHandler                       0x080002d3   Thumb Code     0  startup_stm32f10x_hd.o(.text)
    PVD_IRQHandler                           0x080002d3   Thumb Code     0  startup_stm32f10x_hd.o(.text)
    RCC_IRQHandler                           0x080002d3   Thumb Code     0  startup_stm32f10x_hd.o(.text)
    RTCAlarm_IRQHandler                      0x080002d3   Thumb Code     0  startup_stm32f10x_hd.o(.text)
    SDIO_IRQHandler                          0x080002d3   Thumb Code     0  startup_stm32f10x_hd.o(.text)
    SPI1_IRQHandler                          0x080002d3   Thumb Code     0  startup_stm32f10x_hd.o(.text)
    SPI2_IRQHandler                          0x080002d3   Thumb Code     0  startup_stm32f10x_hd.o(.text)
    SPI3_IRQHandler                          0x080002d3   Thumb Code     0  startup_stm32f10x_hd.o(.text)
    TAMPER_IRQHandler                        0x080002d3   Thumb Code     0  startup_stm32f10x_hd.o(.text)
    TIM1_BRK_IRQHandler                      0x080002d3   Thumb Code     0  startup_stm32f10x_hd.o(.text)
    TIM1_CC_IRQHandler                       0x080002d3   Thumb Code     0  startup_stm32f10x_hd.o(.text)
    TIM1_TRG_COM_IRQHandler                  0x080002d3   Thumb Code     0  startup_stm32f10x_hd.o(.text)
    TIM1_UP_IRQHandler                       0x080002d3   Thumb Code     0  startup_stm32f10x_hd.o(.text)
    TIM3_IRQHandler                          0x080002d3   Thumb Code     0  startup_stm32f10x_hd.o(.text)
    TIM5_IRQHandler                          0x080002d3   Thumb Code     0  startup_stm32f10x_hd.o(.text)
    TIM6_IRQHandler                          0x080002d3   Thumb Code     0  startup_stm32f10x_hd.o(.text)
    TIM7_IRQHandler                          0x080002d3   Thumb Code     0  startup_stm32f10x_hd.o(.text)
    TIM8_BRK_IRQHandler                      0x080002d3   Thumb Code     0  startup_stm32f10x_hd.o(.text)
    TIM8_CC_IRQHandler                       0x080002d3   Thumb Code     0  startup_stm32f10x_hd.o(.text)
    TIM8_TRG_COM_IRQHandler                  0x080002d3   Thumb Code     0  startup_stm32f10x_hd.o(.text)
    TIM8_UP_IRQHandler                       0x080002d3   Thumb Code     0  startup_stm32f10x_hd.o(.text)
    UART4_IRQHandler                         0x080002d3   Thumb Code     0  startup_stm32f10x_hd.o(.text)
    UART5_IRQHandler                         0x080002d3   Thumb Code     0  startup_stm32f10x_hd.o(.text)
    USART3_IRQHandler                        0x080002d3   Thumb Code     0  startup_stm32f10x_hd.o(.text)
    USBWakeUp_IRQHandler                     0x080002d3   Thumb Code     0  startup_stm32f10x_hd.o(.text)
    USB_HP_CAN1_TX_IRQHandler                0x080002d3   Thumb Code     0  startup_stm32f10x_hd.o(.text)
    USB_LP_CAN1_RX0_IRQHandler               0x080002d3   Thumb Code     0  startup_stm32f10x_hd.o(.text)
    WWDG_IRQHandler                          0x080002d3   Thumb Code     0  startup_stm32f10x_hd.o(.text)
    __user_initial_stackheap                 0x080002d5   Thumb Code     0  startup_stm32f10x_hd.o(.text)
    __use_no_semihosting                     0x080002f9   Thumb Code     2  use_no_semi_2.o(.text)
    __c89vsprintf                            0x080002fd   Thumb Code    32  c89vsprintf.o(.text)
    __2printf                                0x08000321   Thumb Code    20  __2printf.o(.text)
    __2sprintf                               0x08000339   Thumb Code    38  __2sprintf.o(.text)
    _printf_pre_padding                      0x08000365   Thumb Code    44  _printf_pad.o(.text)
    _printf_post_padding                     0x08000391   Thumb Code    34  _printf_pad.o(.text)
    _printf_str                              0x080003b3   Thumb Code    82  _printf_str.o(.text)
    _printf_int_dec                          0x08000405   Thumb Code   104  _printf_dec.o(.text)
    _printf_longlong_hex                     0x0800047d   Thumb Code    86  _printf_hex_int_ll_ptr.o(.text)
    _printf_int_hex                          0x080004d3   Thumb Code    28  _printf_hex_int_ll_ptr.o(.text)
    _printf_ll_hex                           0x080004ef   Thumb Code    12  _printf_hex_int_ll_ptr.o(.text)
    _printf_hex_ptr                          0x080004fb   Thumb Code    18  _printf_hex_int_ll_ptr.o(.text)
    __printf                                 0x08000511   Thumb Code   388  __printf_flags_ss_wp.o(.text)
    atoi                                     0x08000699   Thumb Code    26  atoi.o(.text)
    strtok                                   0x080006b5   Thumb Code     6  strtok.o(.text)
    strstr                                   0x080006c1   Thumb Code    36  strstr.o(.text)
    strlen                                   0x080006e5   Thumb Code    62  strlen.o(.text)
    __use_two_region_memory                  0x08000723   Thumb Code     2  heapauxi.o(.text)
    __rt_heap_escrow$2region                 0x08000725   Thumb Code     2  heapauxi.o(.text)
    __rt_heap_expand$2region                 0x08000727   Thumb Code     2  heapauxi.o(.text)
    __I$use$semihosting                      0x08000729   Thumb Code     0  use_no_semi.o(.text)
    __use_no_semihosting_swi                 0x08000729   Thumb Code     2  use_no_semi.o(.text)
    __aeabi_errno_addr                       0x0800072d   Thumb Code     8  rt_errno_addr_intlibspace.o(.text)
    __errno$intlibspace                      0x0800072d   Thumb Code     0  rt_errno_addr_intlibspace.o(.text)
    __rt_errno_addr$intlibspace              0x0800072d   Thumb Code     0  rt_errno_addr_intlibspace.o(.text)
    _printf_truncate_signed                  0x08000735   Thumb Code    18  _printf_truncate.o(.text)
    _printf_truncate_unsigned                0x08000747   Thumb Code    18  _printf_truncate.o(.text)
    _printf_int_common                       0x08000759   Thumb Code   178  _printf_intcommon.o(.text)
    _printf_charcount                        0x0800080b   Thumb Code    40  _printf_charcount.o(.text)
    _printf_char_common                      0x0800083f   Thumb Code    32  _printf_char_common.o(.text)
    _sputc                                   0x08000865   Thumb Code    10  _sputc.o(.text)
    _printf_cs_common                        0x0800086f   Thumb Code    20  _printf_char.o(.text)
    _printf_char                             0x08000883   Thumb Code    16  _printf_char.o(.text)
    _printf_string                           0x08000893   Thumb Code     8  _printf_char.o(.text)
    _printf_char_file                        0x0800089d   Thumb Code    32  _printf_char_file.o(.text)
    _printf_wctomb                           0x080008c1   Thumb Code   182  _printf_wctomb.o(.text)
    _printf_longlong_dec                     0x0800097d   Thumb Code   108  _printf_longlong_dec.o(.text)
    _printf_longlong_oct                     0x080009f9   Thumb Code    66  _printf_oct_int_ll.o(.text)
    _printf_int_oct                          0x08000a3b   Thumb Code    24  _printf_oct_int_ll.o(.text)
    _printf_ll_oct                           0x08000a53   Thumb Code    12  _printf_oct_int_ll.o(.text)
    strtol                                   0x08000a69   Thumb Code   112  strtol.o(.text)
    __strtok_internal                        0x08000ad9   Thumb Code    64  strtok_int.o(.text)
    __user_libspace                          0x08000b1d   Thumb Code     8  libspace.o(.text)
    __user_perproc_libspace                  0x08000b1d   Thumb Code     0  libspace.o(.text)
    __user_perthread_libspace                0x08000b1d   Thumb Code     0  libspace.o(.text)
    __rt_ctype_table                         0x08000b25   Thumb Code    16  rt_ctype_table.o(.text)
    _ll_udiv10                               0x08000b35   Thumb Code   138  lludiv10.o(.text)
    __lib_sel_fp_printf                      0x08000bbf   Thumb Code     2  _printf_fp_dec.o(.text)
    _printf_fp_dec_real                      0x08000d71   Thumb Code   620  _printf_fp_dec.o(.text)
    _printf_lcs_common                       0x08000fdd   Thumb Code    20  _printf_wchar.o(.text)
    _printf_wchar                            0x08000ff1   Thumb Code    16  _printf_wchar.o(.text)
    _printf_wstring                          0x08001001   Thumb Code     8  _printf_wchar.o(.text)
    _strtoul                                 0x08001009   Thumb Code   158  _strtoul.o(.text)
    ferror                                   0x080010a7   Thumb Code     8  ferror.o(.text)
    _wcrtomb                                 0x080010af   Thumb Code    64  _wcrtomb.o(.text)
    strcspn                                  0x080010ef   Thumb Code    32  strcspn.o(.text)
    strspn                                   0x0800110f   Thumb Code    28  strspn.o(.text)
    __user_setup_stackheap                   0x0800112b   Thumb Code    74  sys_stackheap_outer.o(.text)
    __rt_locale                              0x08001175   Thumb Code     8  rt_locale_intlibspace.o(.text)
    _printf_fp_infnan                        0x0800117d   Thumb Code   112  _printf_fp_infnan.o(.text)
    _chval                                   0x080011fd   Thumb Code    28  _chval.o(.text)
    _btod_etento                             0x08001219   Thumb Code   224  bigflt0.o(.text)
    exit                                     0x080012fd   Thumb Code    18  exit.o(.text)
    strcmp                                   0x08001311   Thumb Code   128  strcmpv7m.o(.text)
    _btod_d2e                                0x08001391   Thumb Code    62  btod.o(CL$$btod_d2e)
    _d2e_denorm_low                          0x080013cf   Thumb Code    70  btod.o(CL$$btod_d2e_denorm_low)
    _d2e_norm_op1                            0x08001415   Thumb Code    96  btod.o(CL$$btod_d2e_norm_op1)
    __btod_div_common                        0x08001475   Thumb Code   696  btod.o(CL$$btod_div_common)
    _e2e                                     0x080017ad   Thumb Code   220  btod.o(CL$$btod_e2e)
    _btod_ediv                               0x08001889   Thumb Code    42  btod.o(CL$$btod_ediv)
    _btod_emul                               0x080018b3   Thumb Code    42  btod.o(CL$$btod_emul)
    __btod_mult_common                       0x080018dd   Thumb Code   580  btod.o(CL$$btod_mult_common)
    BKP_DeInit                               0x08001b21   Thumb Code    16  stm32f10x_bkp.o(i.BKP_DeInit)
    BKP_ReadBackupRegister                   0x08001b31   Thumb Code    24  stm32f10x_bkp.o(i.BKP_ReadBackupRegister)
    BKP_WriteBackupRegister                  0x08001b4d   Thumb Code    22  stm32f10x_bkp.o(i.BKP_WriteBackupRegister)
    BusFault_Handler                         0x08001b69   Thumb Code     4  stm32f10x_it.o(i.BusFault_Handler)
    DMA_Cmd                                  0x08001b6d   Thumb Code    24  stm32f10x_dma.o(i.DMA_Cmd)
    DMA_DeInit                               0x08001b85   Thumb Code   324  stm32f10x_dma.o(i.DMA_DeInit)
    DMA_GetCurrDataCounter                   0x08001cd1   Thumb Code     8  stm32f10x_dma.o(i.DMA_GetCurrDataCounter)
    DMA_Init                                 0x08001cd9   Thumb Code    60  stm32f10x_dma.o(i.DMA_Init)
    DMA_SetCurrDataCounter                   0x08001d15   Thumb Code     4  stm32f10x_dma.o(i.DMA_SetCurrDataCounter)
    DebugMon_Handler                         0x08001d19   Thumb Code     2  stm32f10x_it.o(i.DebugMon_Handler)
    FLASH_ErasePage                          0x08001d1d   Thumb Code    72  stm32f10x_flash.o(i.FLASH_ErasePage)
    FLASH_GetBank1Status                     0x08001d69   Thumb Code    48  stm32f10x_flash.o(i.FLASH_GetBank1Status)
    FLASH_ProgramHalfWord                    0x08001d9d   Thumb Code    60  stm32f10x_flash.o(i.FLASH_ProgramHalfWord)
    FLASH_Unlock                             0x08001ddd   Thumb Code    12  stm32f10x_flash.o(i.FLASH_Unlock)
    FLASH_WaitForLastOperation               0x08001df5   Thumb Code    38  stm32f10x_flash.o(i.FLASH_WaitForLastOperation)
    GPIO_Init                                0x08001e1b   Thumb Code   278  stm32f10x_gpio.o(i.GPIO_Init)
    GPIO_ResetBits                           0x08001f31   Thumb Code     4  stm32f10x_gpio.o(i.GPIO_ResetBits)
    GPIO_SetBits                             0x08001f35   Thumb Code     4  stm32f10x_gpio.o(i.GPIO_SetBits)
    HardFault_Handler                        0x08001f39   Thumb Code     4  stm32f10x_it.o(i.HardFault_Handler)
    IIC_Start                                0x08001f3d   Thumb Code    36  oled.o(i.IIC_Start)
    IIC_Stop                                 0x08001f65   Thumb Code    28  oled.o(i.IIC_Stop)
    IIC_Wait_Ack                             0x08001f85   Thumb Code    20  oled.o(i.IIC_Wait_Ack)
    Is_Leap_Year                             0x08001f9d   Thumb Code    58  rtc.o(i.Is_Leap_Year)
    LIGHT_Init                               0x08001fd9   Thumb Code    46  light.o(i.LIGHT_Init)
    MemManage_Handler                        0x0800200d   Thumb Code     4  stm32f10x_it.o(i.MemManage_Handler)
    NMI_Handler                              0x08002011   Thumb Code     2  stm32f10x_it.o(i.NMI_Handler)
    NVIC_Init                                0x08002015   Thumb Code   100  misc.o(i.NVIC_Init)
    NVIC_PriorityGroupConfig                 0x08002085   Thumb Code    10  misc.o(i.NVIC_PriorityGroupConfig)
    OLED_Clear                               0x08002099   Thumb Code    62  oled.o(i.OLED_Clear)
    OLED_Init                                0x080020d9   Thumb Code   270  oled.o(i.OLED_Init)
    OLED_Set_Pos                             0x080021ed   Thumb Code    40  oled.o(i.OLED_Set_Pos)
    OLED_ShowCHinese                         0x08002215   Thumb Code    98  oled.o(i.OLED_ShowCHinese)
    OLED_ShowChar                            0x0800227d   Thumb Code   154  oled.o(i.OLED_ShowChar)
    OLED_ShowNum                             0x08002321   Thumb Code   136  oled.o(i.OLED_ShowNum)
    OLED_ShowString                          0x080023a9   Thumb Code    58  oled.o(i.OLED_ShowString)
    OLED_WR_Byte                             0x080023e3   Thumb Code    24  oled.o(i.OLED_WR_Byte)
    PWR_BackupAccessCmd                      0x080023fd   Thumb Code     6  stm32f10x_pwr.o(i.PWR_BackupAccessCmd)
    PendSV_Handler                           0x08002409   Thumb Code     2  stm32f10x_it.o(i.PendSV_Handler)
    RCC_AHBPeriphClockCmd                    0x0800240d   Thumb Code    26  stm32f10x_rcc.o(i.RCC_AHBPeriphClockCmd)
    RCC_APB1PeriphClockCmd                   0x0800242d   Thumb Code    26  stm32f10x_rcc.o(i.RCC_APB1PeriphClockCmd)
    RCC_APB1PeriphResetCmd                   0x0800244d   Thumb Code    26  stm32f10x_rcc.o(i.RCC_APB1PeriphResetCmd)
    RCC_APB2PeriphClockCmd                   0x0800246d   Thumb Code    26  stm32f10x_rcc.o(i.RCC_APB2PeriphClockCmd)
    RCC_APB2PeriphResetCmd                   0x0800248d   Thumb Code    26  stm32f10x_rcc.o(i.RCC_APB2PeriphResetCmd)
    RCC_BackupResetCmd                       0x080024ad   Thumb Code     6  stm32f10x_rcc.o(i.RCC_BackupResetCmd)
    RCC_GetClocksFreq                        0x080024b9   Thumb Code   192  stm32f10x_rcc.o(i.RCC_GetClocksFreq)
    RCC_GetFlagStatus                        0x0800258d   Thumb Code    56  stm32f10x_rcc.o(i.RCC_GetFlagStatus)
    RCC_LSEConfig                            0x080025c9   Thumb Code    46  stm32f10x_rcc.o(i.RCC_LSEConfig)
    RCC_RTCCLKCmd                            0x080025fd   Thumb Code     6  stm32f10x_rcc.o(i.RCC_RTCCLKCmd)
    RCC_RTCCLKConfig                         0x08002609   Thumb Code    12  stm32f10x_rcc.o(i.RCC_RTCCLKConfig)
    RTC_ClearITPendingBit                    0x08002619   Thumb Code    12  stm32f10x_rtc.o(i.RTC_ClearITPendingBit)
    RTC_EnterConfigMode                      0x08002629   Thumb Code    14  stm32f10x_rtc.o(i.RTC_EnterConfigMode)
    RTC_ExitConfigMode                       0x0800263d   Thumb Code    16  stm32f10x_rtc.o(i.RTC_ExitConfigMode)
    RTC_Get                                  0x08002651   Thumb Code   240  rtc.o(i.RTC_Get)
    RTC_GetCounter                           0x08002751   Thumb Code    16  stm32f10x_rtc.o(i.RTC_GetCounter)
    RTC_GetITStatus                          0x08002765   Thumb Code    32  stm32f10x_rtc.o(i.RTC_GetITStatus)
    RTC_Get_Week                             0x08002789   Thumb Code   116  rtc.o(i.RTC_Get_Week)
    RTC_IRQHandler                           0x08002801   Thumb Code    76  rtc.o(i.RTC_IRQHandler)
    RTC_ITConfig                             0x08002871   Thumb Code    26  stm32f10x_rtc.o(i.RTC_ITConfig)
    RTC_Init                                 0x08002891   Thumb Code   202  rtc.o(i.RTC_Init)
    RTC_Set                                  0x0800297d   Thumb Code   184  rtc.o(i.RTC_Set)
    RTC_SetCounter                           0x08002a45   Thumb Code    24  stm32f10x_rtc.o(i.RTC_SetCounter)
    RTC_SetPrescaler                         0x08002a61   Thumb Code    26  stm32f10x_rtc.o(i.RTC_SetPrescaler)
    RTC_WaitForLastTask                      0x08002a81   Thumb Code    16  stm32f10x_rtc.o(i.RTC_WaitForLastTask)
    RTC_WaitForSynchro                       0x08002a95   Thumb Code    30  stm32f10x_rtc.o(i.RTC_WaitForSynchro)
    STMFLASH_Read                            0x08002ab9   Thumb Code    34  stmflash.o(i.STMFLASH_Read)
    STMFLASH_ReadHalfWord                    0x08002adb   Thumb Code     6  stmflash.o(i.STMFLASH_ReadHalfWord)
    STMFLASH_Write                           0x08002ae1   Thumb Code   218  stmflash.o(i.STMFLASH_Write)
    STMFLASH_Write_NoCheck                   0x08002bc5   Thumb Code    38  stmflash.o(i.STMFLASH_Write_NoCheck)
    SVC_Handler                              0x08002beb   Thumb Code     2  stm32f10x_it.o(i.SVC_Handler)
    SysTick_CLKSourceConfig                  0x08002cd5   Thumb Code    40  misc.o(i.SysTick_CLKSourceConfig)
    SysTick_Handler                          0x08002cfd   Thumb Code     2  stm32f10x_it.o(i.SysTick_Handler)
    SystemInit                               0x08002d01   Thumb Code    78  system_stm32f10x.o(i.SystemInit)
    TIM2_IRQHandler                          0x08002d61   Thumb Code    52  usmart.o(i.TIM2_IRQHandler)
    TIM4_IRQHandler                          0x08002d99   Thumb Code    40  usart2.o(i.TIM4_IRQHandler)
    TIM4_Init                                0x08002dc9   Thumb Code    82  usart2.o(i.TIM4_Init)
    TIM4_Set                                 0x08002e21   Thumb Code    34  usart2.o(i.TIM4_Set)
    TIM_ClearITPendingBit                    0x08002e49   Thumb Code     6  stm32f10x_tim.o(i.TIM_ClearITPendingBit)
    TIM_Cmd                                  0x08002e4f   Thumb Code    24  stm32f10x_tim.o(i.TIM_Cmd)
    TIM_GetITStatus                          0x08002e67   Thumb Code    34  stm32f10x_tim.o(i.TIM_GetITStatus)
    TIM_ITConfig                             0x08002e89   Thumb Code    18  stm32f10x_tim.o(i.TIM_ITConfig)
    TIM_SetCounter                           0x08002e9b   Thumb Code     4  stm32f10x_tim.o(i.TIM_SetCounter)
    TIM_TimeBaseInit                         0x08002ea1   Thumb Code   122  stm32f10x_tim.o(i.TIM_TimeBaseInit)
    Timer2_Init                              0x08002f45   Thumb Code    90  usmart.o(i.Timer2_Init)
    UART_DMA_Config                          0x08002f9f   Thumb Code    72  usart2.o(i.UART_DMA_Config)
    UART_DMA_Enable                          0x08002fe7   Thumb Code    32  usart2.o(i.UART_DMA_Enable)
    USART1_IRQHandler                        0x08003009   Thumb Code   122  usart.o(i.USART1_IRQHandler)
    USART2_IRQHandler                        0x08003091   Thumb Code    84  usart2.o(i.USART2_IRQHandler)
    USART2_Init                              0x080030f5   Thumb Code   206  usart2.o(i.USART2_Init)
    USART_Cmd                                0x080031d9   Thumb Code    24  stm32f10x_usart.o(i.USART_Cmd)
    USART_DMACmd                             0x080031f1   Thumb Code    18  stm32f10x_usart.o(i.USART_DMACmd)
    USART_DeInit                             0x08003205   Thumb Code   134  stm32f10x_usart.o(i.USART_DeInit)
    USART_GetITStatus                        0x080032a1   Thumb Code    84  stm32f10x_usart.o(i.USART_GetITStatus)
    USART_ITConfig                           0x080032f5   Thumb Code    74  stm32f10x_usart.o(i.USART_ITConfig)
    USART_Init                               0x08003341   Thumb Code   210  stm32f10x_usart.o(i.USART_Init)
    USART_ReceiveData                        0x08003419   Thumb Code    10  stm32f10x_usart.o(i.USART_ReceiveData)
    UsageFault_Handler                       0x08003423   Thumb Code     4  stm32f10x_it.o(i.UsageFault_Handler)
    WATER_Init                               0x08003429   Thumb Code    46  water.o(i.WATER_Init)
    Write_IIC_Byte                           0x0800345d   Thumb Code    80  oled.o(i.Write_IIC_Byte)
    Write_IIC_Command                        0x080034b1   Thumb Code    44  oled.o(i.Write_IIC_Command)
    Write_IIC_Data                           0x080034dd   Thumb Code    44  oled.o(i.Write_IIC_Data)
    __ARM_fpclassify                         0x08003509   Thumb Code    40  fpclassify.o(i.__ARM_fpclassify)
    _is_digit                                0x08003531   Thumb Code    14  __printf_wp.o(i._is_digit)
    _sys_exit                                0x0800353f   Thumb Code     6  usart.o(i._sys_exit)
    atk_8266_at_response                     0x08003545   Thumb Code   534  esp8266.o(i.atk_8266_at_response)
    atk_8266_check_cmd                       0x08003829   Thumb Code   148  esp8266.o(i.atk_8266_check_cmd)
    atk_8266_init                            0x080038d1   Thumb Code    66  esp8266.o(i.atk_8266_init)
    atk_8266_quit_trans                      0x0800395d   Thumb Code   100  esp8266.o(i.atk_8266_quit_trans)
    atk_8266_send_cmd                        0x080039cd   Thumb Code    92  esp8266.o(i.atk_8266_send_cmd)
    delay_init                               0x08003a41   Thumb Code    50  delay.o(i.delay_init)
    delay_ms                                 0x08003a85   Thumb Code    72  delay.o(i.delay_ms)
    fputc                                    0x08003ad1   Thumb Code    24  usart.o(i.fputc)
    main                                     0x08003aed   Thumb Code   106  main.o(i.main)
    oled_pow                                 0x08003b65   Thumb Code    22  oled.o(i.oled_pow)
    read_addr                                0x08003b7b   Thumb Code     6  usmart.o(i.read_addr)
    show                                     0x08003b81   Thumb Code  1364  oled.o(i.show)
    u2_printf                                0x080040d5   Thumb Code    56  usart2.o(i.u2_printf)
    uart_init                                0x08004115   Thumb Code   152  usart.o(i.uart_init)
    usmart_cmd_rec                           0x080041b5   Thumb Code   170  usmart.o(i.usmart_cmd_rec)
    usmart_exe                               0x08004265   Thumb Code   634  usmart.o(i.usmart_exe)
    usmart_get_aparm                         0x0800453d   Thumb Code   200  usmart_str.o(i.usmart_get_aparm)
    usmart_get_cmdname                       0x08004605   Thumb Code    54  usmart_str.o(i.usmart_get_cmdname)
    usmart_get_fname                         0x0800463d   Thumb Code   440  usmart_str.o(i.usmart_get_fname)
    usmart_get_fparam                        0x080047fd   Thumb Code   262  usmart_str.o(i.usmart_get_fparam)
    usmart_get_parmpos                       0x08004909   Thumb Code    26  usmart_str.o(i.usmart_get_parmpos)
    usmart_get_runtime                       0x08004929   Thumb Code    58  usmart.o(i.usmart_get_runtime)
    usmart_init                              0x08004969   Thumb Code    36  usmart.o(i.usmart_init)
    usmart_pow                               0x08004991   Thumb Code    22  usmart_str.o(i.usmart_pow)
    usmart_reset_runtime                     0x080049a9   Thumb Code    34  usmart.o(i.usmart_reset_runtime)
    usmart_scan                              0x080049d1   Thumb Code   120  usmart.o(i.usmart_scan)
    usmart_search_nextc                      0x08004a8d   Thumb Code    22  usmart_str.o(i.usmart_search_nextc)
    usmart_str2num                           0x08004aa3   Thumb Code   202  usmart_str.o(i.usmart_str2num)
    usmart_strcmp                            0x08004b6d   Thumb Code    34  usmart_str.o(i.usmart_strcmp)
    usmart_strcopy                           0x08004b8f   Thumb Code    22  usmart_str.o(i.usmart_strcopy)
    usmart_strlen                            0x08004ba5   Thumb Code    24  usmart_str.o(i.usmart_strlen)
    usmart_sys_cmd_exe                       0x08004bbd   Thumb Code  1554  usmart.o(i.usmart_sys_cmd_exe)
    write_addr                               0x080052a1   Thumb Code     4  usmart.o(i.write_addr)
    _get_lc_ctype                            0x080052a5   Thumb Code    44  lc_ctype_c.o(locale$$code)
    _get_lc_numeric                          0x080052d1   Thumb Code    44  lc_numeric_c.o(locale$$code)
    _printf_fp_dec                           0x080052fd   Thumb Code     4  printf1.o(x$fpl$printf1)
    F6x8                                     0x08005300   Data         552  oled.o(.constdata)
    __I$use$fp                               0x08005300   Number         0  usenofp.o(x$fpl$usenofp)
    F8X16                                    0x08005528   Data        1520  oled.o(.constdata)
    table_week                               0x08005b18   Data          12  rtc.o(.constdata)
    mon_table                                0x08005b24   Data          12  rtc.o(.constdata)
    Region$$Table$$Base                      0x08005cc0   Number         0  anon$$obj.o(Region$$Table)
    Region$$Table$$Limit                     0x08005ce0   Number         0  anon$$obj.o(Region$$Table)
    __ctype                                  0x08005ced   Data           0  lc_ctype_c.o(locale$$data)
    SystemCoreClock                          0x20000000   Data           4  system_stm32f10x.o(.data)
    AHBPrescTable                            0x20000004   Data          16  system_stm32f10x.o(.data)
    __stdout                                 0x20000018   Data           4  usart.o(.data)
    USART_RX_STA                             0x2000001c   Data           2  usart.o(.data)
    USART2_RX_STA                            0x20000032   Data           2  usart2.o(.data)
    Hzk                                      0x20000034   Data        1216  oled.o(.data)
    count                                    0x200004f6   Data           1  water.o(.data)
    sys_cmd_tab                              0x200004f8   Data          28  usmart.o(.data)
    usmart_nametab                           0x20000514   Data          32  usmart_config.o(.data)
    usmart_dev                               0x20000534   Data         244  usmart_config.o(.data)
    USART_RX_BUF                             0x2000062c   Data         200  usart.o(.bss)
    USART2_TX_BUF                            0x200006f8   Data        1024  usart2.o(.bss)
    USART2_RX_BUF                            0x20000af8   Data        1024  usart2.o(.bss)
    calendar                                 0x20000ef8   Data          10  rtc.o(.bss)
    WATER_DATA_MODE1                         0x20000f02   Data          20  water.o(.bss)
    WATER_DATA_MODE2                         0x20000f16   Data          22  water.o(.bss)
    STMFLASH_BUF                             0x20000f2c   Data        2048  stmflash.o(.bss)
    now_time                                 0x2000172c   Data          10  esp8266.o(.bss)
    __libspace_start                         0x20001738   Data          96  libspace.o(.bss)
    __temporary_stack_top$libspace           0x20001798   Data           0  libspace.o(.bss)



==============================================================================

Memory Map of the image

  Image Entry point : 0x08000131

  Load Region LR_IROM1 (Base: 0x08000000, Size: 0x00006438, Max: 0x00010000, ABSOLUTE, COMPRESSED[0x0000608c])

    Execution Region ER_IROM1 (Exec base: 0x08000000, Load base: 0x08000000, Size: 0x00005e0c, Max: 0x00010000, ABSOLUTE)

    Exec Addr    Load Addr    Size         Type   Attr      Idx    E Section Name        Object

    0x08000000   0x08000000   0x00000130   Data   RO          336    RESET               startup_stm32f10x_hd.o
    0x08000130   0x08000130   0x00000008   Code   RO         4014  * !!!main             c_w.l(__main.o)
    0x08000138   0x08000138   0x00000034   Code   RO         4294    !!!scatter          c_w.l(__scatter.o)
    0x0800016c   0x0800016c   0x0000005a   Code   RO         4292    !!dczerorl2         c_w.l(__dczerorl2.o)
    0x080001c6   0x080001c6   0x00000002   PAD
    0x080001c8   0x080001c8   0x0000001c   Code   RO         4296    !!handler_zi        c_w.l(__scatter_zi.o)
    0x080001e4   0x080001e4   0x00000000   Code   RO         4002    .ARM.Collect$$_printf_percent$$00000000  c_w.l(_printf_percent.o)
    0x080001e4   0x080001e4   0x00000006   Code   RO         4049    .ARM.Collect$$_printf_percent$$00000001  c_w.l(_printf_n.o)
    0x080001ea   0x080001ea   0x00000006   Code   RO         4050    .ARM.Collect$$_printf_percent$$00000002  c_w.l(_printf_p.o)
    0x080001f0   0x080001f0   0x00000006   Code   RO         4053    .ARM.Collect$$_printf_percent$$00000003  c_w.l(_printf_f.o)
    0x080001f6   0x080001f6   0x00000006   Code   RO         4054    .ARM.Collect$$_printf_percent$$00000004  c_w.l(_printf_e.o)
    0x080001fc   0x080001fc   0x00000006   Code   RO         4055    .ARM.Collect$$_printf_percent$$00000005  c_w.l(_printf_g.o)
    0x08000202   0x08000202   0x00000006   Code   RO         4056    .ARM.Collect$$_printf_percent$$00000006  c_w.l(_printf_a.o)
    0x08000208   0x08000208   0x0000000a   Code   RO         4061    .ARM.Collect$$_printf_percent$$00000007  c_w.l(_printf_ll.o)
    0x08000212   0x08000212   0x00000006   Code   RO         4052    .ARM.Collect$$_printf_percent$$00000008  c_w.l(_printf_i.o)
    0x08000218   0x08000218   0x00000006   Code   RO         4000    .ARM.Collect$$_printf_percent$$00000009  c_w.l(_printf_d.o)
    0x0800021e   0x0800021e   0x00000006   Code   RO         4001    .ARM.Collect$$_printf_percent$$0000000A  c_w.l(_printf_u.o)
    0x08000224   0x08000224   0x00000006   Code   RO         4051    .ARM.Collect$$_printf_percent$$0000000B  c_w.l(_printf_o.o)
    0x0800022a   0x0800022a   0x00000006   Code   RO         3999    .ARM.Collect$$_printf_percent$$0000000C  c_w.l(_printf_x.o)
    0x08000230   0x08000230   0x00000006   Code   RO         4058    .ARM.Collect$$_printf_percent$$0000000D  c_w.l(_printf_lli.o)
    0x08000236   0x08000236   0x00000006   Code   RO         4059    .ARM.Collect$$_printf_percent$$0000000E  c_w.l(_printf_lld.o)
    0x0800023c   0x0800023c   0x00000006   Code   RO         4060    .ARM.Collect$$_printf_percent$$0000000F  c_w.l(_printf_llu.o)
    0x08000242   0x08000242   0x00000006   Code   RO         4065    .ARM.Collect$$_printf_percent$$00000010  c_w.l(_printf_llo.o)
    0x08000248   0x08000248   0x00000006   Code   RO         4066    .ARM.Collect$$_printf_percent$$00000011  c_w.l(_printf_llx.o)
    0x0800024e   0x0800024e   0x0000000a   Code   RO         4062    .ARM.Collect$$_printf_percent$$00000012  c_w.l(_printf_l.o)
    0x08000258   0x08000258   0x00000006   Code   RO         3997    .ARM.Collect$$_printf_percent$$00000013  c_w.l(_printf_c.o)
    0x0800025e   0x0800025e   0x00000006   Code   RO         3998    .ARM.Collect$$_printf_percent$$00000014  c_w.l(_printf_s.o)
    0x08000264   0x08000264   0x00000006   Code   RO         4063    .ARM.Collect$$_printf_percent$$00000015  c_w.l(_printf_lc.o)
    0x0800026a   0x0800026a   0x00000006   Code   RO         4064    .ARM.Collect$$_printf_percent$$00000016  c_w.l(_printf_ls.o)
    0x08000270   0x08000270   0x00000004   Code   RO         4057    .ARM.Collect$$_printf_percent$$00000017  c_w.l(_printf_percent_end.o)
    0x08000274   0x08000274   0x00000002   Code   RO         4162    .ARM.Collect$$libinit$$00000000  c_w.l(libinit.o)
    0x08000276   0x08000276   0x00000000   Code   RO         4173    .ARM.Collect$$libinit$$00000002  c_w.l(libinit2.o)
    0x08000276   0x08000276   0x00000000   Code   RO         4175    .ARM.Collect$$libinit$$00000004  c_w.l(libinit2.o)
    0x08000276   0x08000276   0x00000000   Code   RO         4178    .ARM.Collect$$libinit$$0000000A  c_w.l(libinit2.o)
    0x08000276   0x08000276   0x00000000   Code   RO         4180    .ARM.Collect$$libinit$$0000000C  c_w.l(libinit2.o)
    0x08000276   0x08000276   0x00000000   Code   RO         4182    .ARM.Collect$$libinit$$0000000E  c_w.l(libinit2.o)
    0x08000276   0x08000276   0x00000006   Code   RO         4183    .ARM.Collect$$libinit$$0000000F  c_w.l(libinit2.o)
    0x0800027c   0x0800027c   0x00000000   Code   RO         4185    .ARM.Collect$$libinit$$00000011  c_w.l(libinit2.o)
    0x0800027c   0x0800027c   0x0000000c   Code   RO         4186    .ARM.Collect$$libinit$$00000012  c_w.l(libinit2.o)
    0x08000288   0x08000288   0x00000000   Code   RO         4187    .ARM.Collect$$libinit$$00000013  c_w.l(libinit2.o)
    0x08000288   0x08000288   0x00000000   Code   RO         4189    .ARM.Collect$$libinit$$00000015  c_w.l(libinit2.o)
    0x08000288   0x08000288   0x0000000a   Code   RO         4190    .ARM.Collect$$libinit$$00000016  c_w.l(libinit2.o)
    0x08000292   0x08000292   0x00000000   Code   RO         4191    .ARM.Collect$$libinit$$00000017  c_w.l(libinit2.o)
    0x08000292   0x08000292   0x00000000   Code   RO         4193    .ARM.Collect$$libinit$$00000019  c_w.l(libinit2.o)
    0x08000292   0x08000292   0x00000000   Code   RO         4195    .ARM.Collect$$libinit$$0000001B  c_w.l(libinit2.o)
    0x08000292   0x08000292   0x00000000   Code   RO         4197    .ARM.Collect$$libinit$$0000001D  c_w.l(libinit2.o)
    0x08000292   0x08000292   0x00000000   Code   RO         4199    .ARM.Collect$$libinit$$0000001F  c_w.l(libinit2.o)
    0x08000292   0x08000292   0x00000000   Code   RO         4201    .ARM.Collect$$libinit$$00000021  c_w.l(libinit2.o)
    0x08000292   0x08000292   0x00000000   Code   RO         4203    .ARM.Collect$$libinit$$00000023  c_w.l(libinit2.o)
    0x08000292   0x08000292   0x00000000   Code   RO         4205    .ARM.Collect$$libinit$$00000025  c_w.l(libinit2.o)
    0x08000292   0x08000292   0x00000000   Code   RO         4209    .ARM.Collect$$libinit$$0000002C  c_w.l(libinit2.o)
    0x08000292   0x08000292   0x00000000   Code   RO         4211    .ARM.Collect$$libinit$$0000002E  c_w.l(libinit2.o)
    0x08000292   0x08000292   0x00000000   Code   RO         4213    .ARM.Collect$$libinit$$00000030  c_w.l(libinit2.o)
    0x08000292   0x08000292   0x00000000   Code   RO         4215    .ARM.Collect$$libinit$$00000032  c_w.l(libinit2.o)
    0x08000292   0x08000292   0x00000002   Code   RO         4216    .ARM.Collect$$libinit$$00000033  c_w.l(libinit2.o)
    0x08000294   0x08000294   0x00000002   Code   RO         4234    .ARM.Collect$$libshutdown$$00000000  c_w.l(libshutdown.o)
    0x08000296   0x08000296   0x00000000   Code   RO         4244    .ARM.Collect$$libshutdown$$00000002  c_w.l(libshutdown2.o)
    0x08000296   0x08000296   0x00000000   Code   RO         4246    .ARM.Collect$$libshutdown$$00000004  c_w.l(libshutdown2.o)
    0x08000296   0x08000296   0x00000000   Code   RO         4249    .ARM.Collect$$libshutdown$$00000007  c_w.l(libshutdown2.o)
    0x08000296   0x08000296   0x00000000   Code   RO         4252    .ARM.Collect$$libshutdown$$0000000A  c_w.l(libshutdown2.o)
    0x08000296   0x08000296   0x00000000   Code   RO         4254    .ARM.Collect$$libshutdown$$0000000C  c_w.l(libshutdown2.o)
    0x08000296   0x08000296   0x00000000   Code   RO         4257    .ARM.Collect$$libshutdown$$0000000F  c_w.l(libshutdown2.o)
    0x08000296   0x08000296   0x00000002   Code   RO         4258    .ARM.Collect$$libshutdown$$00000010  c_w.l(libshutdown2.o)
    0x08000298   0x08000298   0x00000000   Code   RO         4018    .ARM.Collect$$rtentry$$00000000  c_w.l(__rtentry.o)
    0x08000298   0x08000298   0x00000000   Code   RO         4077    .ARM.Collect$$rtentry$$00000002  c_w.l(__rtentry2.o)
    0x08000298   0x08000298   0x00000006   Code   RO         4089    .ARM.Collect$$rtentry$$00000004  c_w.l(__rtentry4.o)
    0x0800029e   0x0800029e   0x00000000   Code   RO         4079    .ARM.Collect$$rtentry$$00000009  c_w.l(__rtentry2.o)
    0x0800029e   0x0800029e   0x00000004   Code   RO         4080    .ARM.Collect$$rtentry$$0000000A  c_w.l(__rtentry2.o)
    0x080002a2   0x080002a2   0x00000000   Code   RO         4082    .ARM.Collect$$rtentry$$0000000C  c_w.l(__rtentry2.o)
    0x080002a2   0x080002a2   0x00000008   Code   RO         4083    .ARM.Collect$$rtentry$$0000000D  c_w.l(__rtentry2.o)
    0x080002aa   0x080002aa   0x00000002   Code   RO         4168    .ARM.Collect$$rtexit$$00000000  c_w.l(rtexit.o)
    0x080002ac   0x080002ac   0x00000000   Code   RO         4218    .ARM.Collect$$rtexit$$00000002  c_w.l(rtexit2.o)
    0x080002ac   0x080002ac   0x00000004   Code   RO         4219    .ARM.Collect$$rtexit$$00000003  c_w.l(rtexit2.o)
    0x080002b0   0x080002b0   0x00000006   Code   RO         4220    .ARM.Collect$$rtexit$$00000004  c_w.l(rtexit2.o)
    0x080002b6   0x080002b6   0x00000002   PAD
    0x080002b8   0x080002b8   0x00000040   Code   RO          337    .text               startup_stm32f10x_hd.o
    0x080002f8   0x080002f8   0x00000002   Code   RO         3936    .text               c_w.l(use_no_semi_2.o)
    0x080002fa   0x080002fa   0x00000002   PAD
    0x080002fc   0x080002fc   0x00000024   Code   RO         3938    .text               c_w.l(c89vsprintf.o)
    0x08000320   0x08000320   0x00000018   Code   RO         3940    .text               c_w.l(__2printf.o)
    0x08000338   0x08000338   0x0000002c   Code   RO         3942    .text               c_w.l(__2sprintf.o)
    0x08000364   0x08000364   0x0000004e   Code   RO         3950    .text               c_w.l(_printf_pad.o)
    0x080003b2   0x080003b2   0x00000052   Code   RO         3952    .text               c_w.l(_printf_str.o)
    0x08000404   0x08000404   0x00000078   Code   RO         3954    .text               c_w.l(_printf_dec.o)
    0x0800047c   0x0800047c   0x00000094   Code   RO         3974    .text               c_w.l(_printf_hex_int_ll_ptr.o)
    0x08000510   0x08000510   0x00000188   Code   RO         3994    .text               c_w.l(__printf_flags_ss_wp.o)
    0x08000698   0x08000698   0x0000001a   Code   RO         4003    .text               c_w.l(atoi.o)
    0x080006b2   0x080006b2   0x00000002   PAD
    0x080006b4   0x080006b4   0x0000000c   Code   RO         4005    .text               c_w.l(strtok.o)
    0x080006c0   0x080006c0   0x00000024   Code   RO         4008    .text               c_w.l(strstr.o)
    0x080006e4   0x080006e4   0x0000003e   Code   RO         4010    .text               c_w.l(strlen.o)
    0x08000722   0x08000722   0x00000006   Code   RO         4012    .text               c_w.l(heapauxi.o)
    0x08000728   0x08000728   0x00000002   Code   RO         4016    .text               c_w.l(use_no_semi.o)
    0x0800072a   0x0800072a   0x00000002   PAD
    0x0800072c   0x0800072c   0x00000008   Code   RO         4022    .text               c_w.l(rt_errno_addr_intlibspace.o)
    0x08000734   0x08000734   0x00000024   Code   RO         4024    .text               c_w.l(_printf_truncate.o)
    0x08000758   0x08000758   0x000000b2   Code   RO         4026    .text               c_w.l(_printf_intcommon.o)
    0x0800080a   0x0800080a   0x00000028   Code   RO         4028    .text               c_w.l(_printf_charcount.o)
    0x08000832   0x08000832   0x00000002   PAD
    0x08000834   0x08000834   0x00000030   Code   RO         4030    .text               c_w.l(_printf_char_common.o)
    0x08000864   0x08000864   0x0000000a   Code   RO         4032    .text               c_w.l(_sputc.o)
    0x0800086e   0x0800086e   0x0000002c   Code   RO         4034    .text               c_w.l(_printf_char.o)
    0x0800089a   0x0800089a   0x00000002   PAD
    0x0800089c   0x0800089c   0x00000024   Code   RO         4036    .text               c_w.l(_printf_char_file.o)
    0x080008c0   0x080008c0   0x000000bc   Code   RO         4038    .text               c_w.l(_printf_wctomb.o)
    0x0800097c   0x0800097c   0x0000007c   Code   RO         4041    .text               c_w.l(_printf_longlong_dec.o)
    0x080009f8   0x080009f8   0x00000070   Code   RO         4047    .text               c_w.l(_printf_oct_int_ll.o)
    0x08000a68   0x08000a68   0x00000070   Code   RO         4067    .text               c_w.l(strtol.o)
    0x08000ad8   0x08000ad8   0x00000044   Code   RO         4069    .text               c_w.l(strtok_int.o)
    0x08000b1c   0x08000b1c   0x00000008   Code   RO         4073    .text               c_w.l(libspace.o)
    0x08000b24   0x08000b24   0x00000010   Code   RO         4091    .text               c_w.l(rt_ctype_table.o)
    0x08000b34   0x08000b34   0x0000008a   Code   RO         4093    .text               c_w.l(lludiv10.o)
    0x08000bbe   0x08000bbe   0x0000041e   Code   RO         4095    .text               c_w.l(_printf_fp_dec.o)
    0x08000fdc   0x08000fdc   0x0000002c   Code   RO         4099    .text               c_w.l(_printf_wchar.o)
    0x08001008   0x08001008   0x0000009e   Code   RO         4101    .text               c_w.l(_strtoul.o)
    0x080010a6   0x080010a6   0x00000008   Code   RO         4103    .text               c_w.l(ferror.o)
    0x080010ae   0x080010ae   0x00000040   Code   RO         4107    .text               c_w.l(_wcrtomb.o)
    0x080010ee   0x080010ee   0x00000020   Code   RO         4109    .text               c_w.l(strcspn.o)
    0x0800110e   0x0800110e   0x0000001c   Code   RO         4111    .text               c_w.l(strspn.o)
    0x0800112a   0x0800112a   0x0000004a   Code   RO         4113    .text               c_w.l(sys_stackheap_outer.o)
    0x08001174   0x08001174   0x00000008   Code   RO         4118    .text               c_w.l(rt_locale_intlibspace.o)
    0x0800117c   0x0800117c   0x00000080   Code   RO         4120    .text               c_w.l(_printf_fp_infnan.o)
    0x080011fc   0x080011fc   0x0000001c   Code   RO         4122    .text               c_w.l(_chval.o)
    0x08001218   0x08001218   0x000000e4   Code   RO         4124    .text               c_w.l(bigflt0.o)
    0x080012fc   0x080012fc   0x00000012   Code   RO         4155    .text               c_w.l(exit.o)
    0x0800130e   0x0800130e   0x00000002   PAD
    0x08001310   0x08001310   0x00000080   Code   RO         4170    .text               c_w.l(strcmpv7m.o)
    0x08001390   0x08001390   0x0000003e   Code   RO         4127    CL$$btod_d2e        c_w.l(btod.o)
    0x080013ce   0x080013ce   0x00000046   Code   RO         4129    CL$$btod_d2e_denorm_low  c_w.l(btod.o)
    0x08001414   0x08001414   0x00000060   Code   RO         4128    CL$$btod_d2e_norm_op1  c_w.l(btod.o)
    0x08001474   0x08001474   0x00000338   Code   RO         4137    CL$$btod_div_common  c_w.l(btod.o)
    0x080017ac   0x080017ac   0x000000dc   Code   RO         4134    CL$$btod_e2e        c_w.l(btod.o)
    0x08001888   0x08001888   0x0000002a   Code   RO         4131    CL$$btod_ediv       c_w.l(btod.o)
    0x080018b2   0x080018b2   0x0000002a   Code   RO         4130    CL$$btod_emul       c_w.l(btod.o)
    0x080018dc   0x080018dc   0x00000244   Code   RO         4136    CL$$btod_mult_common  c_w.l(btod.o)
    0x08001b20   0x08001b20   0x00000010   Code   RO          604    i.BKP_DeInit        stm32f10x_bkp.o
    0x08001b30   0x08001b30   0x0000001c   Code   RO          609    i.BKP_ReadBackupRegister  stm32f10x_bkp.o
    0x08001b4c   0x08001b4c   0x0000001c   Code   RO          613    i.BKP_WriteBackupRegister  stm32f10x_bkp.o
    0x08001b68   0x08001b68   0x00000004   Code   RO          114    i.BusFault_Handler  stm32f10x_it.o
    0x08001b6c   0x08001b6c   0x00000018   Code   RO         1089    i.DMA_Cmd           stm32f10x_dma.o
    0x08001b84   0x08001b84   0x0000014c   Code   RO         1090    i.DMA_DeInit        stm32f10x_dma.o
    0x08001cd0   0x08001cd0   0x00000008   Code   RO         1091    i.DMA_GetCurrDataCounter  stm32f10x_dma.o
    0x08001cd8   0x08001cd8   0x0000003c   Code   RO         1095    i.DMA_Init          stm32f10x_dma.o
    0x08001d14   0x08001d14   0x00000004   Code   RO         1096    i.DMA_SetCurrDataCounter  stm32f10x_dma.o
    0x08001d18   0x08001d18   0x00000002   Code   RO          115    i.DebugMon_Handler  stm32f10x_it.o
    0x08001d1a   0x08001d1a   0x00000002   PAD
    0x08001d1c   0x08001d1c   0x0000004c   Code   RO         1221    i.FLASH_ErasePage   stm32f10x_flash.o
    0x08001d68   0x08001d68   0x00000034   Code   RO         1222    i.FLASH_GetBank1Status  stm32f10x_flash.o
    0x08001d9c   0x08001d9c   0x00000040   Code   RO         1234    i.FLASH_ProgramHalfWord  stm32f10x_flash.o
    0x08001ddc   0x08001ddc   0x00000018   Code   RO         1239    i.FLASH_Unlock      stm32f10x_flash.o
    0x08001df4   0x08001df4   0x00000026   Code   RO         1243    i.FLASH_WaitForLastOperation  stm32f10x_flash.o
    0x08001e1a   0x08001e1a   0x00000116   Code   RO         1522    i.GPIO_Init         stm32f10x_gpio.o
    0x08001f30   0x08001f30   0x00000004   Code   RO         1529    i.GPIO_ResetBits    stm32f10x_gpio.o
    0x08001f34   0x08001f34   0x00000004   Code   RO         1530    i.GPIO_SetBits      stm32f10x_gpio.o
    0x08001f38   0x08001f38   0x00000004   Code   RO          116    i.HardFault_Handler  stm32f10x_it.o
    0x08001f3c   0x08001f3c   0x00000028   Code   RO         3438    i.IIC_Start         oled.o
    0x08001f64   0x08001f64   0x00000020   Code   RO         3439    i.IIC_Stop          oled.o
    0x08001f84   0x08001f84   0x00000018   Code   RO         3440    i.IIC_Wait_Ack      oled.o
    0x08001f9c   0x08001f9c   0x0000003a   Code   RO         3597    i.Is_Leap_Year      rtc.o
    0x08001fd6   0x08001fd6   0x00000002   PAD
    0x08001fd8   0x08001fd8   0x00000034   Code   RO         3658    i.LIGHT_Init        light.o
    0x0800200c   0x0800200c   0x00000004   Code   RO          117    i.MemManage_Handler  stm32f10x_it.o
    0x08002010   0x08002010   0x00000002   Code   RO          118    i.NMI_Handler       stm32f10x_it.o
    0x08002012   0x08002012   0x00000002   PAD
    0x08002014   0x08002014   0x00000070   Code   RO          341    i.NVIC_Init         misc.o
    0x08002084   0x08002084   0x00000014   Code   RO          342    i.NVIC_PriorityGroupConfig  misc.o
    0x08002098   0x08002098   0x0000003e   Code   RO         3441    i.OLED_Clear        oled.o
    0x080020d6   0x080020d6   0x00000002   PAD
    0x080020d8   0x080020d8   0x00000114   Code   RO         3445    i.OLED_Init         oled.o
    0x080021ec   0x080021ec   0x00000028   Code   RO         3447    i.OLED_Set_Pos      oled.o
    0x08002214   0x08002214   0x00000068   Code   RO         3448    i.OLED_ShowCHinese  oled.o
    0x0800227c   0x0800227c   0x000000a4   Code   RO         3449    i.OLED_ShowChar     oled.o
    0x08002320   0x08002320   0x00000088   Code   RO         3450    i.OLED_ShowNum      oled.o
    0x080023a8   0x080023a8   0x0000003a   Code   RO         3451    i.OLED_ShowString   oled.o
    0x080023e2   0x080023e2   0x00000018   Code   RO         3452    i.OLED_WR_Byte      oled.o
    0x080023fa   0x080023fa   0x00000002   PAD
    0x080023fc   0x080023fc   0x0000000c   Code   RO         1882    i.PWR_BackupAccessCmd  stm32f10x_pwr.o
    0x08002408   0x08002408   0x00000002   Code   RO          119    i.PendSV_Handler    stm32f10x_it.o
    0x0800240a   0x0800240a   0x00000002   PAD
    0x0800240c   0x0800240c   0x00000020   Code   RO         1946    i.RCC_AHBPeriphClockCmd  stm32f10x_rcc.o
    0x0800242c   0x0800242c   0x00000020   Code   RO         1947    i.RCC_APB1PeriphClockCmd  stm32f10x_rcc.o
    0x0800244c   0x0800244c   0x00000020   Code   RO         1948    i.RCC_APB1PeriphResetCmd  stm32f10x_rcc.o
    0x0800246c   0x0800246c   0x00000020   Code   RO         1949    i.RCC_APB2PeriphClockCmd  stm32f10x_rcc.o
    0x0800248c   0x0800248c   0x00000020   Code   RO         1950    i.RCC_APB2PeriphResetCmd  stm32f10x_rcc.o
    0x080024ac   0x080024ac   0x0000000c   Code   RO         1952    i.RCC_BackupResetCmd  stm32f10x_rcc.o
    0x080024b8   0x080024b8   0x000000d4   Code   RO         1957    i.RCC_GetClocksFreq  stm32f10x_rcc.o
    0x0800258c   0x0800258c   0x0000003c   Code   RO         1958    i.RCC_GetFlagStatus  stm32f10x_rcc.o
    0x080025c8   0x080025c8   0x00000034   Code   RO         1965    i.RCC_LSEConfig     stm32f10x_rcc.o
    0x080025fc   0x080025fc   0x0000000c   Code   RO         1972    i.RCC_RTCCLKCmd     stm32f10x_rcc.o
    0x08002608   0x08002608   0x00000010   Code   RO         1973    i.RCC_RTCCLKConfig  stm32f10x_rcc.o
    0x08002618   0x08002618   0x00000010   Code   RO         2146    i.RTC_ClearITPendingBit  stm32f10x_rtc.o
    0x08002628   0x08002628   0x00000014   Code   RO         2147    i.RTC_EnterConfigMode  stm32f10x_rtc.o
    0x0800263c   0x0800263c   0x00000014   Code   RO         2148    i.RTC_ExitConfigMode  stm32f10x_rtc.o
    0x08002650   0x08002650   0x00000100   Code   RO         3599    i.RTC_Get           rtc.o
    0x08002750   0x08002750   0x00000014   Code   RO         2149    i.RTC_GetCounter    stm32f10x_rtc.o
    0x08002764   0x08002764   0x00000024   Code   RO         2152    i.RTC_GetITStatus   stm32f10x_rtc.o
    0x08002788   0x08002788   0x00000078   Code   RO         3600    i.RTC_Get_Week      rtc.o
    0x08002800   0x08002800   0x00000070   Code   RO         3601    i.RTC_IRQHandler    rtc.o
    0x08002870   0x08002870   0x00000020   Code   RO         2153    i.RTC_ITConfig      stm32f10x_rtc.o
    0x08002890   0x08002890   0x000000ca   Code   RO         3602    i.RTC_Init          rtc.o
    0x0800295a   0x0800295a   0x00000020   Code   RO         3603    i.RTC_NVIC_Config   rtc.o
    0x0800297a   0x0800297a   0x00000002   PAD
    0x0800297c   0x0800297c   0x000000c8   Code   RO         3604    i.RTC_Set           rtc.o
    0x08002a44   0x08002a44   0x0000001c   Code   RO         2155    i.RTC_SetCounter    stm32f10x_rtc.o
    0x08002a60   0x08002a60   0x00000020   Code   RO         2156    i.RTC_SetPrescaler  stm32f10x_rtc.o
    0x08002a80   0x08002a80   0x00000014   Code   RO         2157    i.RTC_WaitForLastTask  stm32f10x_rtc.o
    0x08002a94   0x08002a94   0x00000024   Code   RO         2158    i.RTC_WaitForSynchro  stm32f10x_rtc.o
    0x08002ab8   0x08002ab8   0x00000022   Code   RO         3689    i.STMFLASH_Read     stmflash.o
    0x08002ada   0x08002ada   0x00000006   Code   RO         3690    i.STMFLASH_ReadHalfWord  stmflash.o
    0x08002ae0   0x08002ae0   0x000000e4   Code   RO         3691    i.STMFLASH_Write    stmflash.o
    0x08002bc4   0x08002bc4   0x00000026   Code   RO         3692    i.STMFLASH_Write_NoCheck  stmflash.o
    0x08002bea   0x08002bea   0x00000002   Code   RO          120    i.SVC_Handler       stm32f10x_it.o
    0x08002bec   0x08002bec   0x00000008   Code   RO          194    i.SetSysClock       system_stm32f10x.o
    0x08002bf4   0x08002bf4   0x000000e0   Code   RO          195    i.SetSysClockTo72   system_stm32f10x.o
    0x08002cd4   0x08002cd4   0x00000028   Code   RO          345    i.SysTick_CLKSourceConfig  misc.o
    0x08002cfc   0x08002cfc   0x00000002   Code   RO          121    i.SysTick_Handler   stm32f10x_it.o
    0x08002cfe   0x08002cfe   0x00000002   PAD
    0x08002d00   0x08002d00   0x00000060   Code   RO          197    i.SystemInit        system_stm32f10x.o
    0x08002d60   0x08002d60   0x00000038   Code   RO         3728    i.TIM2_IRQHandler   usmart.o
    0x08002d98   0x08002d98   0x00000030   Code   RO         3368    i.TIM4_IRQHandler   usart2.o
    0x08002dc8   0x08002dc8   0x00000058   Code   RO         3369    i.TIM4_Init         usart2.o
    0x08002e20   0x08002e20   0x00000028   Code   RO         3370    i.TIM4_Set          usart2.o
    0x08002e48   0x08002e48   0x00000006   Code   RO         2582    i.TIM_ClearITPendingBit  stm32f10x_tim.o
    0x08002e4e   0x08002e4e   0x00000018   Code   RO         2587    i.TIM_Cmd           stm32f10x_tim.o
    0x08002e66   0x08002e66   0x00000022   Code   RO         2608    i.TIM_GetITStatus   stm32f10x_tim.o
    0x08002e88   0x08002e88   0x00000012   Code   RO         2612    i.TIM_ITConfig      stm32f10x_tim.o
    0x08002e9a   0x08002e9a   0x00000004   Code   RO         2652    i.TIM_SetCounter    stm32f10x_tim.o
    0x08002e9e   0x08002e9e   0x00000002   PAD
    0x08002ea0   0x08002ea0   0x000000a4   Code   RO         2658    i.TIM_TimeBaseInit  stm32f10x_tim.o
    0x08002f44   0x08002f44   0x0000005a   Code   RO         3729    i.Timer2_Init       usmart.o
    0x08002f9e   0x08002f9e   0x00000048   Code   RO         3371    i.UART_DMA_Config   usart2.o
    0x08002fe6   0x08002fe6   0x00000020   Code   RO         3372    i.UART_DMA_Enable   usart2.o
    0x08003006   0x08003006   0x00000002   PAD
    0x08003008   0x08003008   0x00000088   Code   RO          283    i.USART1_IRQHandler  usart.o
    0x08003090   0x08003090   0x00000064   Code   RO         3373    i.USART2_IRQHandler  usart2.o
    0x080030f4   0x080030f4   0x000000e4   Code   RO         3374    i.USART2_Init       usart2.o
    0x080031d8   0x080031d8   0x00000018   Code   RO         3123    i.USART_Cmd         stm32f10x_usart.o
    0x080031f0   0x080031f0   0x00000012   Code   RO         3124    i.USART_DMACmd      stm32f10x_usart.o
    0x08003202   0x08003202   0x00000002   PAD
    0x08003204   0x08003204   0x0000009c   Code   RO         3125    i.USART_DeInit      stm32f10x_usart.o
    0x080032a0   0x080032a0   0x00000054   Code   RO         3127    i.USART_GetITStatus  stm32f10x_usart.o
    0x080032f4   0x080032f4   0x0000004a   Code   RO         3129    i.USART_ITConfig    stm32f10x_usart.o
    0x0800333e   0x0800333e   0x00000002   PAD
    0x08003340   0x08003340   0x000000d8   Code   RO         3130    i.USART_Init        stm32f10x_usart.o
    0x08003418   0x08003418   0x0000000a   Code   RO         3137    i.USART_ReceiveData  stm32f10x_usart.o
    0x08003422   0x08003422   0x00000004   Code   RO          122    i.UsageFault_Handler  stm32f10x_it.o
    0x08003426   0x08003426   0x00000002   PAD
    0x08003428   0x08003428   0x00000034   Code   RO         3670    i.WATER_Init        water.o
    0x0800345c   0x0800345c   0x00000054   Code   RO         3453    i.Write_IIC_Byte    oled.o
    0x080034b0   0x080034b0   0x0000002c   Code   RO         3454    i.Write_IIC_Command  oled.o
    0x080034dc   0x080034dc   0x0000002c   Code   RO         3455    i.Write_IIC_Data    oled.o
    0x08003508   0x08003508   0x00000028   Code   RO         4166    i.__ARM_fpclassify  m_ws.l(fpclassify.o)
    0x08003530   0x08003530   0x0000000e   Code   RO         3987    i._is_digit         c_w.l(__printf_wp.o)
    0x0800353e   0x0800353e   0x00000006   Code   RO          284    i._sys_exit         usart.o
    0x08003544   0x08003544   0x000002e4   Code   RO         3889    i.atk_8266_at_response  esp8266.o
    0x08003828   0x08003828   0x000000a8   Code   RO         3890    i.atk_8266_check_cmd  esp8266.o
    0x080038d0   0x080038d0   0x0000008c   Code   RO         3891    i.atk_8266_init     esp8266.o
    0x0800395c   0x0800395c   0x00000070   Code   RO         3892    i.atk_8266_quit_trans  esp8266.o
    0x080039cc   0x080039cc   0x00000074   Code   RO         3893    i.atk_8266_send_cmd  esp8266.o
    0x08003a40   0x08003a40   0x00000044   Code   RO          228    i.delay_init        delay.o
    0x08003a84   0x08003a84   0x0000004c   Code   RO          229    i.delay_ms          delay.o
    0x08003ad0   0x08003ad0   0x0000001c   Code   RO          285    i.fputc             usart.o
    0x08003aec   0x08003aec   0x00000078   Code   RO            1    i.main              main.o
    0x08003b64   0x08003b64   0x00000016   Code   RO         3457    i.oled_pow          oled.o
    0x08003b7a   0x08003b7a   0x00000006   Code   RO         3730    i.read_addr         usmart.o
    0x08003b80   0x08003b80   0x00000554   Code   RO         3458    i.show              oled.o
    0x080040d4   0x080040d4   0x00000040   Code   RO         3375    i.u2_printf         usart2.o
    0x08004114   0x08004114   0x000000a0   Code   RO          286    i.uart_init         usart.o
    0x080041b4   0x080041b4   0x000000b0   Code   RO         3731    i.usmart_cmd_rec    usmart.o
    0x08004264   0x08004264   0x000002d8   Code   RO         3732    i.usmart_exe        usmart.o
    0x0800453c   0x0800453c   0x000000c8   Code   RO         3817    i.usmart_get_aparm  usmart_str.o
    0x08004604   0x08004604   0x00000036   Code   RO         3818    i.usmart_get_cmdname  usmart_str.o
    0x0800463a   0x0800463a   0x00000002   PAD
    0x0800463c   0x0800463c   0x000001c0   Code   RO         3819    i.usmart_get_fname  usmart_str.o
    0x080047fc   0x080047fc   0x0000010c   Code   RO         3820    i.usmart_get_fparam  usmart_str.o
    0x08004908   0x08004908   0x00000020   Code   RO         3821    i.usmart_get_parmpos  usmart_str.o
    0x08004928   0x08004928   0x00000040   Code   RO         3733    i.usmart_get_runtime  usmart.o
    0x08004968   0x08004968   0x00000028   Code   RO         3734    i.usmart_init       usmart.o
    0x08004990   0x08004990   0x00000016   Code   RO         3822    i.usmart_pow        usmart_str.o
    0x080049a6   0x080049a6   0x00000002   PAD
    0x080049a8   0x080049a8   0x00000028   Code   RO         3735    i.usmart_reset_runtime  usmart.o
    0x080049d0   0x080049d0   0x000000bc   Code   RO         3736    i.usmart_scan       usmart.o
    0x08004a8c   0x08004a8c   0x00000016   Code   RO         3823    i.usmart_search_nextc  usmart_str.o
    0x08004aa2   0x08004aa2   0x000000ca   Code   RO         3824    i.usmart_str2num    usmart_str.o
    0x08004b6c   0x08004b6c   0x00000022   Code   RO         3825    i.usmart_strcmp     usmart_str.o
    0x08004b8e   0x08004b8e   0x00000016   Code   RO         3826    i.usmart_strcopy    usmart_str.o
    0x08004ba4   0x08004ba4   0x00000018   Code   RO         3827    i.usmart_strlen     usmart_str.o
    0x08004bbc   0x08004bbc   0x000006e4   Code   RO         3737    i.usmart_sys_cmd_exe  usmart.o
    0x080052a0   0x080052a0   0x00000004   Code   RO         3738    i.write_addr        usmart.o
    0x080052a4   0x080052a4   0x0000002c   Code   RO         4150    locale$$code        c_w.l(lc_ctype_c.o)
    0x080052d0   0x080052d0   0x0000002c   Code   RO         4153    locale$$code        c_w.l(lc_numeric_c.o)
    0x080052fc   0x080052fc   0x00000004   Code   RO         4071    x$fpl$printf1       fz_ws.l(printf1.o)
    0x08005300   0x08005300   0x00000000   Code   RO         4165    x$fpl$usenofp       fz_ws.l(usenofp.o)
    0x08005300   0x08005300   0x00000818   Data   RO         3459    .constdata          oled.o
    0x08005b18   0x08005b18   0x00000018   Data   RO         3606    .constdata          rtc.o
    0x08005b30   0x08005b30   0x00000028   Data   RO         3975    .constdata          c_w.l(_printf_hex_int_ll_ptr.o)
    0x08005b58   0x08005b58   0x00000011   Data   RO         3995    .constdata          c_w.l(__printf_flags_ss_wp.o)
    0x08005b69   0x08005b69   0x00000003   PAD
    0x08005b6c   0x08005b6c   0x00000008   Data   RO         4039    .constdata          c_w.l(_printf_wctomb.o)
    0x08005b74   0x08005b74   0x00000094   Data   RO         4125    .constdata          c_w.l(bigflt0.o)
    0x08005c08   0x08005c08   0x00000028   Data   RO         3739    .conststring        usmart.o
    0x08005c30   0x08005c30   0x00000090   Data   RO         3804    .conststring        usmart_config.o
    0x08005cc0   0x08005cc0   0x00000020   Data   RO         4290    Region$$Table       anon$$obj.o
    0x08005ce0   0x08005ce0   0x00000110   Data   RO         4149    locale$$data        c_w.l(lc_ctype_c.o)
    0x08005df0   0x08005df0   0x0000001c   Data   RO         4152    locale$$data        c_w.l(lc_numeric_c.o)


    Execution Region RW_IRAM1 (Exec base: 0x20000000, Load base: 0x08005e0c, Size: 0x00001d98, Max: 0x00005000, ABSOLUTE, COMPRESSED[0x00000280])

    Exec Addr    Load Addr    Size         Type   Attr      Idx    E Section Name        Object

    0x20000000   COMPRESSED   0x00000014   Data   RW          198    .data               system_stm32f10x.o
    0x20000014   COMPRESSED   0x00000004   Data   RW          231    .data               delay.o
    0x20000018   COMPRESSED   0x00000006   Data   RW          288    .data               usart.o
    0x2000001e   COMPRESSED   0x00000014   Data   RW         1977    .data               stm32f10x_rcc.o
    0x20000032   COMPRESSED   0x00000002   Data   RW         3377    .data               usart2.o
    0x20000034   COMPRESSED   0x000004c0   Data   RW         3460    .data               oled.o
    0x200004f4   COMPRESSED   0x00000002   Data   RW         3607    .data               rtc.o
    0x200004f6   COMPRESSED   0x00000001   Data   RW         3672    .data               water.o
    0x200004f7   COMPRESSED   0x00000001   PAD
    0x200004f8   COMPRESSED   0x0000001c   Data   RW         3740    .data               usmart.o
    0x20000514   COMPRESSED   0x00000114   Data   RW         3805    .data               usmart_config.o
    0x20000628   COMPRESSED   0x00000004   Data   RW         4006    .data               c_w.l(strtok.o)
    0x2000062c        -       0x000000c8   Zero   RW          287    .bss                usart.o
    0x200006f4   COMPRESSED   0x00000004   PAD
    0x200006f8        -       0x00000800   Zero   RW         3376    .bss                usart2.o
    0x20000ef8        -       0x0000000a   Zero   RW         3605    .bss                rtc.o
    0x20000f02        -       0x0000002a   Zero   RW         3671    .bss                water.o
    0x20000f2c        -       0x00000800   Zero   RW         3694    .bss                stmflash.o
    0x2000172c        -       0x0000000a   Zero   RW         3895    .bss                esp8266.o
    0x20001736   COMPRESSED   0x00000002   PAD
    0x20001738        -       0x00000060   Zero   RW         4074    .bss                c_w.l(libspace.o)
    0x20001798        -       0x00000200   Zero   RW          335    HEAP                startup_stm32f10x_hd.o
    0x20001998        -       0x00000400   Zero   RW          334    STACK               startup_stm32f10x_hd.o


==============================================================================

Image component sizes


      Code (inc. data)   RO Data    RW Data    ZI Data      Debug   Object Name

       144         22          0          4          0       1068   delay.o
      1276        344          0          0         10       3965   esp8266.o
        52          6          0          0          0        453   light.o
       120         14          0          0          0     261868   main.o
       172         22          0          0          0       1885   misc.o
      2518        204       2072       1216          0      10690   oled.o
       980         72         24          2         10       5578   rtc.o
        64         26        304          0       1536        764   startup_stm32f10x_hd.o
        72         10          0          0          0       2512   stm32f10x_bkp.o
       428          8          0          0          0       4288   stm32f10x_dma.o
       254         24          0          0          0       9065   stm32f10x_flash.o
       286          0          0          0          0       2864   stm32f10x_gpio.o
        26          0          0          0          0       3318   stm32f10x_it.o
        12          6          0          0          0        466   stm32f10x_pwr.o
       524         76          0         20          0       8312   stm32f10x_rcc.o
       260         48          0          0          0       4728   stm32f10x_rtc.o
       250         42          0          0          0       3783   stm32f10x_tim.o
       582         28          0          0          0       5856   stm32f10x_usart.o
       306         10          0          0       2048       3341   stmflash.o
         0          0          0          0          0         32   sys.o
       328         28          0         20          0       1877   system_stm32f10x.o
       330         26          0          6        200       3916   usart.o
       672         66          0          2       2048       5735   usart2.o
      3156       1316         40         28          0       6978   usmart.o
         0          0        144        276          0       1484   usmart_config.o
      1328         20          0          0          0       7953   usmart_str.o
        52          6          0          1         42       1183   water.o

    ----------------------------------------------------------------------
     14222       2424       2616       1576       5900     363962   Object Totals
         0          0         32          0          0          0   (incl. Generated)
        30          0          0          1          6          0   (incl. Padding)

    ----------------------------------------------------------------------

      Code (inc. data)   RO Data    RW Data    ZI Data      Debug   Library Member Name

        24          4          0          0          0         84   __2printf.o
        44          6          0          0          0         84   __2sprintf.o
        90          0          0          0          0          0   __dczerorl2.o
         8          0          0          0          0         68   __main.o
       392          4         17          0          0         92   __printf_flags_ss_wp.o
        14          0          0          0          0         68   __printf_wp.o
         0          0          0          0          0          0   __rtentry.o
        12          0          0          0          0          0   __rtentry2.o
         6          0          0          0          0          0   __rtentry4.o
        52          8          0          0          0          0   __scatter.o
        28          0          0          0          0          0   __scatter_zi.o
        28          0          0          0          0         68   _chval.o
         6          0          0          0          0          0   _printf_a.o
         6          0          0          0          0          0   _printf_c.o
        44          0          0          0          0        108   _printf_char.o
        48          6          0          0          0         96   _printf_char_common.o
        36          4          0          0          0         80   _printf_char_file.o
        40          0          0          0          0         68   _printf_charcount.o
         6          0          0          0          0          0   _printf_d.o
       120         16          0          0          0         92   _printf_dec.o
         6          0          0          0          0          0   _printf_e.o
         6          0          0          0          0          0   _printf_f.o
      1054          0          0          0          0        216   _printf_fp_dec.o
       128         16          0          0          0         84   _printf_fp_infnan.o
         6          0          0          0          0          0   _printf_g.o
       148          4         40          0          0        160   _printf_hex_int_ll_ptr.o
         6          0          0          0          0          0   _printf_i.o
       178          0          0          0          0         88   _printf_intcommon.o
        10          0          0          0          0          0   _printf_l.o
         6          0          0          0          0          0   _printf_lc.o
        10          0          0          0          0          0   _printf_ll.o
         6          0          0          0          0          0   _printf_lld.o
         6          0          0          0          0          0   _printf_lli.o
         6          0          0          0          0          0   _printf_llo.o
         6          0          0          0          0          0   _printf_llu.o
         6          0          0          0          0          0   _printf_llx.o
       124         16          0          0          0         92   _printf_longlong_dec.o
         6          0          0          0          0          0   _printf_ls.o
         6          0          0          0          0          0   _printf_n.o
         6          0          0          0          0          0   _printf_o.o
       112         10          0          0          0        124   _printf_oct_int_ll.o
         6          0          0          0          0          0   _printf_p.o
        78          0          0          0          0        108   _printf_pad.o
         0          0          0          0          0          0   _printf_percent.o
         4          0          0          0          0          0   _printf_percent_end.o
         6          0          0          0          0          0   _printf_s.o
        82          0          0          0          0         80   _printf_str.o
        36          0          0          0          0         84   _printf_truncate.o
         6          0          0          0          0          0   _printf_u.o
        44          0          0          0          0        108   _printf_wchar.o
       188          6          8          0          0         92   _printf_wctomb.o
         6          0          0          0          0          0   _printf_x.o
        10          0          0          0          0         68   _sputc.o
       158          0          0          0          0         92   _strtoul.o
        64          0          0          0          0         92   _wcrtomb.o
        26          0          0          0          0         80   atoi.o
       228          4        148          0          0         96   bigflt0.o
      1936        128          0          0          0        672   btod.o
        36          4          0          0          0         76   c89vsprintf.o
        18          0          0          0          0         80   exit.o
         8          0          0          0          0         68   ferror.o
         6          0          0          0          0        152   heapauxi.o
        44         10        272          0          0         76   lc_ctype_c.o
        44         10         28          0          0         76   lc_numeric_c.o
         2          0          0          0          0          0   libinit.o
        30          0          0          0          0          0   libinit2.o
         2          0          0          0          0          0   libshutdown.o
         2          0          0          0          0          0   libshutdown2.o
         8          4          0          0         96         68   libspace.o
       138          0          0          0          0         80   lludiv10.o
        16          4          0          0          0         76   rt_ctype_table.o
         8          4          0          0          0         68   rt_errno_addr_intlibspace.o
         8          4          0          0          0         68   rt_locale_intlibspace.o
         2          0          0          0          0          0   rtexit.o
        10          0          0          0          0          0   rtexit2.o
       128          0          0          0          0         68   strcmpv7m.o
        32          0          0          0          0         80   strcspn.o
        62          0          0          0          0         76   strlen.o
        28          0          0          0          0         80   strspn.o
        36          0          0          0          0         80   strstr.o
        12          6          0          4          0         68   strtok.o
        68          4          0          0          0         84   strtok_int.o
       112          0          0          0          0         88   strtol.o
        74          0          0          0          0         80   sys_stackheap_outer.o
         2          0          0          0          0         68   use_no_semi.o
         2          0          0          0          0         68   use_no_semi_2.o
         4          0          0          0          0         68   printf1.o
         0          0          0          0          0          0   usenofp.o
        40          0          0          0          0         68   fpclassify.o

    ----------------------------------------------------------------------
      6722        282        516          4         96       5108   Library Totals
        16          0          3          0          0          0   (incl. Padding)

    ----------------------------------------------------------------------

      Code (inc. data)   RO Data    RW Data    ZI Data      Debug   Library Name

      6662        282        513          4         96       4972   c_w.l
         4          0          0          0          0         68   fz_ws.l
        40          0          0          0          0         68   m_ws.l

    ----------------------------------------------------------------------
      6722        282        516          4         96       5108   Library Totals

    ----------------------------------------------------------------------

==============================================================================


      Code (inc. data)   RO Data    RW Data    ZI Data      Debug   

     20944       2706       3132       1580       5996     359342   Grand Totals
     20944       2706       3132        640       5996     359342   ELF Image Totals (compressed)
     20944       2706       3132        640          0          0   ROM Totals

==============================================================================

    Total RO  Size (Code + RO Data)                24076 (  23.51kB)
    Total RW  Size (RW Data + ZI Data)              7576 (   7.40kB)
    Total ROM Size (Code + RO Data + RW Data)      24716 (  24.14kB)

==============================================================================

